#! /opt/homebrew/Cellar/icarus-verilog/12.0/bin/vvp
:ivl_version "12.0 (stable)";
:ivl_delay_selection "TYPICAL";
:vpi_time_precision - 12;
:vpi_module "/opt/homebrew/Cellar/icarus-verilog/12.0/lib/ivl/system.vpi";
:vpi_module "/opt/homebrew/Cellar/icarus-verilog/12.0/lib/ivl/vhdl_sys.vpi";
:vpi_module "/opt/homebrew/Cellar/icarus-verilog/12.0/lib/ivl/vhdl_textio.vpi";
:vpi_module "/opt/homebrew/Cellar/icarus-verilog/12.0/lib/ivl/v2005_math.vpi";
:vpi_module "/opt/homebrew/Cellar/icarus-verilog/12.0/lib/ivl/va_math.vpi";
S_0x1051d7970 .scope module, "tb_noc_router" "tb_noc_router" 2 5;
 .timescale -9 -12;
P_0x1051d93b0 .param/l "BODY" 1 2 9, C4<00>;
P_0x1051d93f0 .param/l "DATA_W" 1 2 7, +C4<00000000000000000000000000001000>;
P_0x1051d9430 .param/l "DX_W" 1 2 7, +C4<00000000000000000000000000000100>;
P_0x1051d9470 .param/l "DY_W" 1 2 7, +C4<00000000000000000000000000000100>;
P_0x1051d94b0 .param/l "E" 1 2 8, +C4<00000000000000000000000000000010>;
P_0x1051d94f0 .param/l "HEAD" 1 2 9, C4<01>;
P_0x1051d9530 .param/l "HEADTAIL" 1 2 9, C4<10>;
P_0x1051d9570 .param/l "L" 1 2 8, +C4<00000000000000000000000000000100>;
P_0x1051d95b0 .param/l "N" 1 2 8, +C4<00000000000000000000000000000000>;
P_0x1051d95f0 .param/l "ROUTER_CODE" 1 2 7, +C4<00000000000000000000000000000001>;
P_0x1051d9630 .param/l "S" 1 2 8, +C4<00000000000000000000000000000001>;
P_0x1051d9670 .param/l "TAIL" 1 2 9, C4<11>;
P_0x1051d96b0 .param/l "TOTAL_ROUTERS" 1 2 7, +C4<00000000000000000000000000000100>;
P_0x1051d96f0 .param/l "W" 1 2 8, +C4<00000000000000000000000000000011>;
v0x73e8b40a0_0 .var "clk", 0 0;
v0x73e8b4140_0 .var/i "errors", 31 0;
v0x73e8b41e0_0 .var "in_data", 39 0;
v0x73e8b4280_0 .var "in_dx", 19 0;
v0x73e8b4320_0 .var "in_dy", 19 0;
v0x73e8b43c0_0 .net "in_ready", 4 0, L_0x73f08c820;  1 drivers
v0x73e8b4460_0 .var "in_router_code_flit", 14 0;
v0x73e8b4500_0 .var "in_type", 9 0;
v0x73e8b45a0_0 .var "in_valid", 4 0;
v0x73e8b4640_0 .net "out_data", 39 0, L_0x73f08c6e0;  1 drivers
v0x73e8b46e0_0 .net "out_dx", 19 0, L_0x73f08c460;  1 drivers
v0x73e8b4780_0 .net "out_dy", 19 0, L_0x73f08c640;  1 drivers
v0x73e8b4820_0 .var "out_ready", 4 0;
o0x73ec44b80 .functor BUFZ 15, C4<zzzzzzzzzzzzzzz>; HiZ drive
v0x73e8b48c0_0 .net "out_router_code_flit", 14 0, o0x73ec44b80;  0 drivers
v0x73e8b4960_0 .net "out_type", 9 0, L_0x73f08c5a0;  1 drivers
v0x73e8b4a00_0 .net "out_valid", 4 0, L_0x73f08c780;  1 drivers
v0x73e8b4aa0_0 .var "rst_n", 0 0;
v0x73e8b4b40_0 .var/i "tests", 31 0;
S_0x1051d9730 .scope begin, "contention_test" "contention_test" 2 205, 2 205 0, S_0x1051d7970;
 .timescale -9 -12;
v0x73e86c6e0_0 .var "first_winner_is_S", 0 0;
E_0x73f0c0740 .event posedge, v0x73e86e260_0;
S_0x1051cffc0 .scope module, "dut" "noc_router" 2 33, 3 8 0, S_0x1051d7970;
 .timescale 0 0;
    .port_info 0 /INPUT 1 "clk";
    .port_info 1 /INPUT 1 "rst_n";
    .port_info 2 /INPUT 15 "in_router_code_flit";
    .port_info 3 /INPUT 5 "in_valid";
    .port_info 4 /OUTPUT 5 "in_ready";
    .port_info 5 /INPUT 10 "in_type";
    .port_info 6 /INPUT 20 "in_dx";
    .port_info 7 /INPUT 20 "in_dy";
    .port_info 8 /INPUT 40 "in_data";
    .port_info 9 /OUTPUT 15 "out_router_code_flit";
    .port_info 10 /OUTPUT 5 "out_valid";
    .port_info 11 /INPUT 5 "out_ready";
    .port_info 12 /OUTPUT 10 "out_type";
    .port_info 13 /OUTPUT 20 "out_dx";
    .port_info 14 /OUTPUT 20 "out_dy";
    .port_info 15 /OUTPUT 40 "out_data";
    .port_info 16 /INPUT 1 "correct_flit_check";
    .port_info 17 /OUTPUT 3 "router_code";
P_0x1051d83b0 .param/l "BODY" 1 3 66, C4<00>;
P_0x1051d83f0 .param/l "DATA_W" 0 3 11, +C4<00000000000000000000000000001000>;
P_0x1051d8430 .param/l "DX_W" 0 3 9, +C4<00000000000000000000000000000100>;
P_0x1051d8470 .param/l "DY_W" 0 3 10, +C4<00000000000000000000000000000100>;
P_0x1051d84b0 .param/l "E" 1 3 65, +C4<00000000000000000000000000000010>;
P_0x1051d84f0 .param/l "HEAD" 1 3 66, C4<01>;
P_0x1051d8530 .param/l "HEADTAIL" 1 3 66, C4<10>;
P_0x1051d8570 .param/l "L" 1 3 65, +C4<00000000000000000000000000000100>;
P_0x1051d85b0 .param/l "N" 1 3 65, +C4<00000000000000000000000000000000>;
P_0x1051d85f0 .param/l "ROUTER_CODE" 0 3 12, +C4<00000000000000000000000000000001>;
P_0x1051d8630 .param/l "S" 1 3 65, +C4<00000000000000000000000000000001>;
P_0x1051d8670 .param/l "TAIL" 1 3 66, C4<11>;
P_0x1051d86b0 .param/l "TOTAL_ROUTERS" 0 3 13, +C4<00000000000000000000000000000100>;
P_0x1051d86f0 .param/l "W" 1 3 65, +C4<00000000000000000000000000000011>;
v0x73e86e1c0_0 .var "chosen_slot", 1 0;
v0x73e86e260_0 .net "clk", 0 0, v0x73e8b40a0_0;  1 drivers
o0x73ec44670 .functor BUFZ 1, C4<z>; HiZ drive
v0x73e86e300_0 .net "correct_flit_check", 0 0, o0x73ec44670;  0 drivers
v0x73e86e3a0_0 .var "found", 0 0;
v0x73e86e440 .array "grant_input", 4 0, 2 0;
v0x73e86e4e0 .array "grant_slot", 4 0, 1 0;
v0x73e86e580 .array "grant_valid", 4 0, 0 0;
v0x73e86e620_0 .var/i "i", 31 0;
v0x73e86e6c0_0 .var "idx2", 1 0;
v0x73e86e760_0 .var/i "idx_int", 31 0;
v0x73e86e800_0 .net "in_data", 39 0, v0x73e8b41e0_0;  1 drivers
v0x73e86e8a0_0 .net "in_dx", 19 0, v0x73e8b4280_0;  1 drivers
v0x73e86e940_0 .net "in_dy", 19 0, v0x73e8b4320_0;  1 drivers
v0x73e86e9e0_0 .net "in_ready", 4 0, L_0x73f08c820;  alias, 1 drivers
v0x73e86ea80_0 .net "in_router_code_flit", 14 0, v0x73e8b4460_0;  1 drivers
v0x73e86eb20_0 .net "in_type", 9 0, v0x73e8b4500_0;  1 drivers
v0x73e86ebc0_0 .net "in_valid", 4 0, v0x73e8b45a0_0;  1 drivers
v0x73e86ec60_0 .var/i "j", 31 0;
v0x73e86ed00_0 .net "out_data", 39 0, L_0x73f08c6e0;  alias, 1 drivers
v0x73e86eda0_0 .net "out_dx", 19 0, L_0x73f08c460;  alias, 1 drivers
v0x73e86ee40_0 .net "out_dy", 19 0, L_0x73f08c640;  alias, 1 drivers
v0x73e86eee0_0 .net "out_ready", 4 0, v0x73e8b4820_0;  1 drivers
v0x73e86ef80_0 .net "out_router_code_flit", 14 0, o0x73ec44b80;  alias, 0 drivers
v0x73e86f020_0 .net "out_type", 9 0, L_0x73f08c5a0;  alias, 1 drivers
v0x73e86f0c0_0 .net "out_valid", 4 0, L_0x73f08c780;  alias, 1 drivers
v0x73e86f160 .array "p_in_data", 4 0;
v0x73e86f160_0 .net v0x73e86f160 0, 7 0, L_0x73e8b4dc0; 1 drivers
v0x73e86f160_1 .net v0x73e86f160 1, 7 0, L_0x73e8b5040; 1 drivers
v0x73e86f160_2 .net v0x73e86f160 2, 7 0, L_0x73e8b52c0; 1 drivers
v0x73e86f160_3 .net v0x73e86f160 3, 7 0, L_0x73e8b5540; 1 drivers
v0x73e86f160_4 .net v0x73e86f160 4, 7 0, L_0x73e8b57c0; 1 drivers
v0x73e86f200 .array "p_in_dx", 4 0;
v0x73e86f200_0 .net/s v0x73e86f200 0, 3 0, L_0x73e8b4c80; 1 drivers
v0x73e86f200_1 .net/s v0x73e86f200 1, 3 0, L_0x73e8b4f00; 1 drivers
v0x73e86f200_2 .net/s v0x73e86f200 2, 3 0, L_0x73e8b5180; 1 drivers
v0x73e86f200_3 .net/s v0x73e86f200 3, 3 0, L_0x73e8b5400; 1 drivers
v0x73e86f200_4 .net/s v0x73e86f200 4, 3 0, L_0x73e8b5680; 1 drivers
v0x73e86f2a0 .array "p_in_dy", 4 0;
v0x73e86f2a0_0 .net/s v0x73e86f2a0 0, 3 0, L_0x73e8b4d20; 1 drivers
v0x73e86f2a0_1 .net/s v0x73e86f2a0 1, 3 0, L_0x73e8b4fa0; 1 drivers
v0x73e86f2a0_2 .net/s v0x73e86f2a0 2, 3 0, L_0x73e8b5220; 1 drivers
v0x73e86f2a0_3 .net/s v0x73e86f2a0 3, 3 0, L_0x73e8b54a0; 1 drivers
v0x73e86f2a0_4 .net/s v0x73e86f2a0 4, 3 0, L_0x73e8b5720; 1 drivers
v0x73e86f340 .array "p_in_type", 4 0;
v0x73e86f340_0 .net v0x73e86f340 0, 1 0, L_0x73e8b4be0; 1 drivers
v0x73e86f340_1 .net v0x73e86f340 1, 1 0, L_0x73e8b4e60; 1 drivers
v0x73e86f340_2 .net v0x73e86f340 2, 1 0, L_0x73e8b50e0; 1 drivers
v0x73e86f340_3 .net v0x73e86f340 3, 1 0, L_0x73e8b5360; 1 drivers
v0x73e86f340_4 .net v0x73e86f340 4, 1 0, L_0x73e8b55e0; 1 drivers
v0x73e86f3e0 .array "p_out_data", 4 0, 7 0;
v0x73e86f480 .array/s "p_out_dx", 4 0, 3 0;
v0x73e86f520 .array/s "p_out_dy", 4 0, 3 0;
v0x73e86f5c0 .array "p_out_type", 4 0, 1 0;
v0x73e86f660 .array "ready_i", 4 0, 0 0;
v0x73e86f700 .array "route_active", 4 0, 0 0;
v0x73e86f7a0 .array "route_dest", 4 0, 2 0;
v0x73e86f840_0 .var "router_code", 2 0;
v0x73e86f8e0 .array "rr_ptr", 4 0, 1 0;
v0x73e86f980_0 .net "rst_n", 0 0, v0x73e8b4aa0_0;  1 drivers
v0x73e86fa20_0 .var/i "s", 31 0;
v0x73e86fac0 .array "want_out", 4 0, 2 0;
v0x73e86fb60 .array "want_valid", 4 0, 0 0;
E_0x73f0c0780/0 .event negedge, v0x73e86f980_0;
E_0x73f0c0780/1 .event posedge, v0x73e86e260_0;
E_0x73f0c0780 .event/or E_0x73f0c0780/0, E_0x73f0c0780/1;
v0x73e86fb60_0 .array/port v0x73e86fb60, 0;
v0x73e86fb60_1 .array/port v0x73e86fb60, 1;
v0x73e86fb60_2 .array/port v0x73e86fb60, 2;
v0x73e86fb60_3 .array/port v0x73e86fb60, 3;
E_0x73f0c07c0/0 .event anyedge, v0x73e86fb60_0, v0x73e86fb60_1, v0x73e86fb60_2, v0x73e86fb60_3;
v0x73e86fb60_4 .array/port v0x73e86fb60, 4;
v0x73e86fac0_0 .array/port v0x73e86fac0, 0;
v0x73e86fac0_1 .array/port v0x73e86fac0, 1;
v0x73e86fac0_2 .array/port v0x73e86fac0, 2;
E_0x73f0c07c0/1 .event anyedge, v0x73e86fb60_4, v0x73e86fac0_0, v0x73e86fac0_1, v0x73e86fac0_2;
v0x73e86fac0_3 .array/port v0x73e86fac0, 3;
v0x73e86fac0_4 .array/port v0x73e86fac0, 4;
v0x73e86e580_0 .array/port v0x73e86e580, 0;
v0x73e86e580_1 .array/port v0x73e86e580, 1;
E_0x73f0c07c0/2 .event anyedge, v0x73e86fac0_3, v0x73e86fac0_4, v0x73e86e580_0, v0x73e86e580_1;
v0x73e86e580_2 .array/port v0x73e86e580, 2;
v0x73e86e580_3 .array/port v0x73e86e580, 3;
v0x73e86e580_4 .array/port v0x73e86e580, 4;
v0x73e86e440_0 .array/port v0x73e86e440, 0;
E_0x73f0c07c0/3 .event anyedge, v0x73e86e580_2, v0x73e86e580_3, v0x73e86e580_4, v0x73e86e440_0;
v0x73e86e440_1 .array/port v0x73e86e440, 1;
v0x73e86e440_2 .array/port v0x73e86e440, 2;
v0x73e86e440_3 .array/port v0x73e86e440, 3;
v0x73e86e440_4 .array/port v0x73e86e440, 4;
E_0x73f0c07c0/4 .event anyedge, v0x73e86e440_1, v0x73e86e440_2, v0x73e86e440_3, v0x73e86e440_4;
E_0x73f0c07c0/5 .event anyedge, v0x73e86eee0_0;
E_0x73f0c07c0 .event/or E_0x73f0c07c0/0, E_0x73f0c07c0/1, E_0x73f0c07c0/2, E_0x73f0c07c0/3, E_0x73f0c07c0/4, E_0x73f0c07c0/5;
E_0x73f0c0800/0 .event anyedge, v0x73e86e580_0, v0x73e86e580_1, v0x73e86e580_2, v0x73e86e580_3;
E_0x73f0c0800/1 .event anyedge, v0x73e86e580_4, v0x73e86e440_0, v0x73e86e440_1, v0x73e86e440_2;
E_0x73f0c0800/2 .event anyedge, v0x73e86e440_3, v0x73e86e440_4, v0x73e86f340_0, v0x73e86f340_1;
E_0x73f0c0800/3 .event anyedge, v0x73e86f340_2, v0x73e86f340_3, v0x73e86f340_4, v0x73e86f160_0;
E_0x73f0c0800/4 .event anyedge, v0x73e86f160_1, v0x73e86f160_2, v0x73e86f160_3, v0x73e86f160_4;
E_0x73f0c0800/5 .event anyedge, v0x73e86f200_0, v0x73e86f200_1, v0x73e86f200_2, v0x73e86f200_3;
E_0x73f0c0800/6 .event anyedge, v0x73e86f200_4, v0x73e86f2a0_0, v0x73e86f2a0_1, v0x73e86f2a0_2;
E_0x73f0c0800/7 .event anyedge, v0x73e86f2a0_3, v0x73e86f2a0_4;
E_0x73f0c0800 .event/or E_0x73f0c0800/0, E_0x73f0c0800/1, E_0x73f0c0800/2, E_0x73f0c0800/3, E_0x73f0c0800/4, E_0x73f0c0800/5, E_0x73f0c0800/6, E_0x73f0c0800/7;
v0x73e86f8e0_0 .array/port v0x73e86f8e0, 0;
v0x73e86f8e0_1 .array/port v0x73e86f8e0, 1;
v0x73e86f8e0_2 .array/port v0x73e86f8e0, 2;
v0x73e86f8e0_3 .array/port v0x73e86f8e0, 3;
E_0x73f0c0840/0 .event anyedge, v0x73e86f8e0_0, v0x73e86f8e0_1, v0x73e86f8e0_2, v0x73e86f8e0_3;
v0x73e86f8e0_4 .array/port v0x73e86f8e0, 4;
E_0x73f0c0840/1 .event anyedge, v0x73e86f8e0_4, v0x73e86e760_0, v0x73e86e3a0_0, v0x73e86e6c0_0;
E_0x73f0c0840/2 .event anyedge, v0x73e86fb60_0, v0x73e86fb60_1, v0x73e86fb60_2, v0x73e86fb60_3;
E_0x73f0c0840/3 .event anyedge, v0x73e86fb60_4, v0x73e86fac0_0, v0x73e86fac0_1, v0x73e86fac0_2;
E_0x73f0c0840/4 .event anyedge, v0x73e86fac0_3, v0x73e86fac0_4, v0x73e86e1c0_0;
E_0x73f0c0840 .event/or E_0x73f0c0840/0, E_0x73f0c0840/1, E_0x73f0c0840/2, E_0x73f0c0840/3, E_0x73f0c0840/4;
v0x73e86f700_0 .array/port v0x73e86f700, 0;
v0x73e86f700_1 .array/port v0x73e86f700, 1;
v0x73e86f700_2 .array/port v0x73e86f700, 2;
v0x73e86f700_3 .array/port v0x73e86f700, 3;
E_0x73f0c0880/0 .event anyedge, v0x73e86f700_0, v0x73e86f700_1, v0x73e86f700_2, v0x73e86f700_3;
v0x73e86f700_4 .array/port v0x73e86f700, 4;
E_0x73f0c0880/1 .event anyedge, v0x73e86f700_4, v0x73e86f340_0, v0x73e86f340_1, v0x73e86f340_2;
v0x73e86f7a0_0 .array/port v0x73e86f7a0, 0;
E_0x73f0c0880/2 .event anyedge, v0x73e86f340_3, v0x73e86f340_4, v0x73e86ebc0_0, v0x73e86f7a0_0;
v0x73e86f7a0_1 .array/port v0x73e86f7a0, 1;
v0x73e86f7a0_2 .array/port v0x73e86f7a0, 2;
v0x73e86f7a0_3 .array/port v0x73e86f7a0, 3;
v0x73e86f7a0_4 .array/port v0x73e86f7a0, 4;
E_0x73f0c0880/3 .event anyedge, v0x73e86f7a0_1, v0x73e86f7a0_2, v0x73e86f7a0_3, v0x73e86f7a0_4;
E_0x73f0c0880/4 .event anyedge, v0x73e86f200_0, v0x73e86f200_1, v0x73e86f200_2, v0x73e86f200_3;
E_0x73f0c0880/5 .event anyedge, v0x73e86f200_4, v0x73e86f2a0_0, v0x73e86f2a0_1, v0x73e86f2a0_2;
E_0x73f0c0880/6 .event anyedge, v0x73e86f2a0_3, v0x73e86f2a0_4;
E_0x73f0c0880 .event/or E_0x73f0c0880/0, E_0x73f0c0880/1, E_0x73f0c0880/2, E_0x73f0c0880/3, E_0x73f0c0880/4, E_0x73f0c0880/5, E_0x73f0c0880/6;
E_0x73f0c08c0 .event anyedge, v0x73e86e300_0, v0x73e86e9e0_0;
L_0x73e8b4be0 .part v0x73e8b4500_0, 0, 2;
L_0x73e8b4c80 .part v0x73e8b4280_0, 0, 4;
L_0x73e8b4d20 .part v0x73e8b4320_0, 0, 4;
L_0x73e8b4dc0 .part v0x73e8b41e0_0, 0, 8;
L_0x73e8b4e60 .part v0x73e8b4500_0, 2, 2;
L_0x73e8b4f00 .part v0x73e8b4280_0, 4, 4;
L_0x73e8b4fa0 .part v0x73e8b4320_0, 4, 4;
L_0x73e8b5040 .part v0x73e8b41e0_0, 8, 8;
L_0x73e8b50e0 .part v0x73e8b4500_0, 4, 2;
L_0x73e8b5180 .part v0x73e8b4280_0, 8, 4;
L_0x73e8b5220 .part v0x73e8b4320_0, 8, 4;
L_0x73e8b52c0 .part v0x73e8b41e0_0, 16, 8;
L_0x73e8b5360 .part v0x73e8b4500_0, 6, 2;
L_0x73e8b5400 .part v0x73e8b4280_0, 12, 4;
L_0x73e8b54a0 .part v0x73e8b4320_0, 12, 4;
L_0x73e8b5540 .part v0x73e8b41e0_0, 24, 8;
L_0x73e8b55e0 .part v0x73e8b4500_0, 8, 2;
L_0x73e8b5680 .part v0x73e8b4280_0, 16, 4;
L_0x73e8b5720 .part v0x73e8b4320_0, 16, 4;
L_0x73e8b57c0 .part v0x73e8b41e0_0, 32, 8;
v0x73e86f5c0_0 .array/port v0x73e86f5c0, 0;
v0x73e86f5c0_1 .array/port v0x73e86f5c0, 1;
v0x73e86f5c0_2 .array/port v0x73e86f5c0, 2;
v0x73e86f5c0_3 .array/port v0x73e86f5c0, 3;
LS_0x73f08c5a0_0_0 .concat8 [ 2 2 2 2], v0x73e86f5c0_0, v0x73e86f5c0_1, v0x73e86f5c0_2, v0x73e86f5c0_3;
v0x73e86f5c0_4 .array/port v0x73e86f5c0, 4;
LS_0x73f08c5a0_0_4 .concat8 [ 2 0 0 0], v0x73e86f5c0_4;
L_0x73f08c5a0 .concat8 [ 8 2 0 0], LS_0x73f08c5a0_0_0, LS_0x73f08c5a0_0_4;
v0x73e86f480_0 .array/port v0x73e86f480, 0;
v0x73e86f480_1 .array/port v0x73e86f480, 1;
v0x73e86f480_2 .array/port v0x73e86f480, 2;
v0x73e86f480_3 .array/port v0x73e86f480, 3;
LS_0x73f08c460_0_0 .concat8 [ 4 4 4 4], v0x73e86f480_0, v0x73e86f480_1, v0x73e86f480_2, v0x73e86f480_3;
v0x73e86f480_4 .array/port v0x73e86f480, 4;
LS_0x73f08c460_0_4 .concat8 [ 4 0 0 0], v0x73e86f480_4;
L_0x73f08c460 .concat8 [ 16 4 0 0], LS_0x73f08c460_0_0, LS_0x73f08c460_0_4;
v0x73e86f520_0 .array/port v0x73e86f520, 0;
v0x73e86f520_1 .array/port v0x73e86f520, 1;
v0x73e86f520_2 .array/port v0x73e86f520, 2;
v0x73e86f520_3 .array/port v0x73e86f520, 3;
LS_0x73f08c640_0_0 .concat8 [ 4 4 4 4], v0x73e86f520_0, v0x73e86f520_1, v0x73e86f520_2, v0x73e86f520_3;
v0x73e86f520_4 .array/port v0x73e86f520, 4;
LS_0x73f08c640_0_4 .concat8 [ 4 0 0 0], v0x73e86f520_4;
L_0x73f08c640 .concat8 [ 16 4 0 0], LS_0x73f08c640_0_0, LS_0x73f08c640_0_4;
v0x73e86f3e0_0 .array/port v0x73e86f3e0, 0;
v0x73e86f3e0_1 .array/port v0x73e86f3e0, 1;
v0x73e86f3e0_2 .array/port v0x73e86f3e0, 2;
v0x73e86f3e0_3 .array/port v0x73e86f3e0, 3;
LS_0x73f08c6e0_0_0 .concat8 [ 8 8 8 8], v0x73e86f3e0_0, v0x73e86f3e0_1, v0x73e86f3e0_2, v0x73e86f3e0_3;
v0x73e86f3e0_4 .array/port v0x73e86f3e0, 4;
LS_0x73f08c6e0_0_4 .concat8 [ 8 0 0 0], v0x73e86f3e0_4;
L_0x73f08c6e0 .concat8 [ 32 8 0 0], LS_0x73f08c6e0_0_0, LS_0x73f08c6e0_0_4;
LS_0x73f08c780_0_0 .concat [ 1 1 1 1], v0x73e86e580_0, v0x73e86e580_1, v0x73e86e580_2, v0x73e86e580_3;
LS_0x73f08c780_0_4 .concat [ 1 0 0 0], v0x73e86e580_4;
L_0x73f08c780 .concat [ 4 1 0 0], LS_0x73f08c780_0_0, LS_0x73f08c780_0_4;
v0x73e86f660_0 .array/port v0x73e86f660, 0;
v0x73e86f660_1 .array/port v0x73e86f660, 1;
v0x73e86f660_2 .array/port v0x73e86f660, 2;
v0x73e86f660_3 .array/port v0x73e86f660, 3;
LS_0x73f08c820_0_0 .concat [ 1 1 1 1], v0x73e86f660_0, v0x73e86f660_1, v0x73e86f660_2, v0x73e86f660_3;
v0x73e86f660_4 .array/port v0x73e86f660, 4;
LS_0x73f08c820_0_4 .concat [ 1 0 0 0], v0x73e86f660_4;
L_0x73f08c820 .concat [ 4 1 0 0], LS_0x73f08c820_0_0, LS_0x73f08c820_0_4;
S_0x1051d0140 .scope function.vec4.s3, "cand_input" "cand_input" 3 146, 3 146 0, S_0x1051cffc0;
 .timescale 0 0;
; Variable cand_input is vec4 return value of scope S_0x1051d0140
v0x73e86d360_0 .var "outp", 2 0;
v0x73e86d400_0 .var "slot", 1 0;
TD_tb_noc_router.dut.cand_input ;
    %load/vec4 v0x73e86d360_0;
    %dup/vec4;
    %pushi/vec4 0, 0, 3;
    %cmp/u;
    %jmp/1 T_0.0, 6;
    %dup/vec4;
    %pushi/vec4 1, 0, 3;
    %cmp/u;
    %jmp/1 T_0.1, 6;
    %dup/vec4;
    %pushi/vec4 2, 0, 3;
    %cmp/u;
    %jmp/1 T_0.2, 6;
    %dup/vec4;
    %pushi/vec4 3, 0, 3;
    %cmp/u;
    %jmp/1 T_0.3, 6;
    %load/vec4 v0x73e86d400_0;
    %dup/vec4;
    %pushi/vec4 0, 0, 2;
    %cmp/u;
    %jmp/1 T_0.6, 6;
    %dup/vec4;
    %pushi/vec4 1, 0, 2;
    %cmp/u;
    %jmp/1 T_0.7, 6;
    %dup/vec4;
    %pushi/vec4 2, 0, 2;
    %cmp/u;
    %jmp/1 T_0.8, 6;
    %pushi/vec4 3, 0, 3;
    %ret/vec4 0, 0, 3;  Assign to cand_input (store_vec4_to_lval)
    %jmp T_0.10;
T_0.6 ;
    %pushi/vec4 0, 0, 3;
    %ret/vec4 0, 0, 3;  Assign to cand_input (store_vec4_to_lval)
    %jmp T_0.10;
T_0.7 ;
    %pushi/vec4 1, 0, 3;
    %ret/vec4 0, 0, 3;  Assign to cand_input (store_vec4_to_lval)
    %jmp T_0.10;
T_0.8 ;
    %pushi/vec4 2, 0, 3;
    %ret/vec4 0, 0, 3;  Assign to cand_input (store_vec4_to_lval)
    %jmp T_0.10;
T_0.10 ;
    %pop/vec4 1;
    %jmp T_0.5;
T_0.0 ;
    %load/vec4 v0x73e86d400_0;
    %dup/vec4;
    %pushi/vec4 0, 0, 2;
    %cmp/u;
    %jmp/1 T_0.11, 6;
    %dup/vec4;
    %pushi/vec4 1, 0, 2;
    %cmp/u;
    %jmp/1 T_0.12, 6;
    %dup/vec4;
    %pushi/vec4 2, 0, 2;
    %cmp/u;
    %jmp/1 T_0.13, 6;
    %pushi/vec4 4, 0, 3;
    %ret/vec4 0, 0, 3;  Assign to cand_input (store_vec4_to_lval)
    %jmp T_0.15;
T_0.11 ;
    %pushi/vec4 1, 0, 3;
    %ret/vec4 0, 0, 3;  Assign to cand_input (store_vec4_to_lval)
    %jmp T_0.15;
T_0.12 ;
    %pushi/vec4 2, 0, 3;
    %ret/vec4 0, 0, 3;  Assign to cand_input (store_vec4_to_lval)
    %jmp T_0.15;
T_0.13 ;
    %pushi/vec4 3, 0, 3;
    %ret/vec4 0, 0, 3;  Assign to cand_input (store_vec4_to_lval)
    %jmp T_0.15;
T_0.15 ;
    %pop/vec4 1;
    %jmp T_0.5;
T_0.1 ;
    %load/vec4 v0x73e86d400_0;
    %dup/vec4;
    %pushi/vec4 0, 0, 2;
    %cmp/u;
    %jmp/1 T_0.16, 6;
    %dup/vec4;
    %pushi/vec4 1, 0, 2;
    %cmp/u;
    %jmp/1 T_0.17, 6;
    %dup/vec4;
    %pushi/vec4 2, 0, 2;
    %cmp/u;
    %jmp/1 T_0.18, 6;
    %pushi/vec4 4, 0, 3;
    %ret/vec4 0, 0, 3;  Assign to cand_input (store_vec4_to_lval)
    %jmp T_0.20;
T_0.16 ;
    %pushi/vec4 0, 0, 3;
    %ret/vec4 0, 0, 3;  Assign to cand_input (store_vec4_to_lval)
    %jmp T_0.20;
T_0.17 ;
    %pushi/vec4 2, 0, 3;
    %ret/vec4 0, 0, 3;  Assign to cand_input (store_vec4_to_lval)
    %jmp T_0.20;
T_0.18 ;
    %pushi/vec4 3, 0, 3;
    %ret/vec4 0, 0, 3;  Assign to cand_input (store_vec4_to_lval)
    %jmp T_0.20;
T_0.20 ;
    %pop/vec4 1;
    %jmp T_0.5;
T_0.2 ;
    %load/vec4 v0x73e86d400_0;
    %dup/vec4;
    %pushi/vec4 0, 0, 2;
    %cmp/u;
    %jmp/1 T_0.21, 6;
    %dup/vec4;
    %pushi/vec4 1, 0, 2;
    %cmp/u;
    %jmp/1 T_0.22, 6;
    %dup/vec4;
    %pushi/vec4 2, 0, 2;
    %cmp/u;
    %jmp/1 T_0.23, 6;
    %pushi/vec4 4, 0, 3;
    %ret/vec4 0, 0, 3;  Assign to cand_input (store_vec4_to_lval)
    %jmp T_0.25;
T_0.21 ;
    %pushi/vec4 0, 0, 3;
    %ret/vec4 0, 0, 3;  Assign to cand_input (store_vec4_to_lval)
    %jmp T_0.25;
T_0.22 ;
    %pushi/vec4 1, 0, 3;
    %ret/vec4 0, 0, 3;  Assign to cand_input (store_vec4_to_lval)
    %jmp T_0.25;
T_0.23 ;
    %pushi/vec4 3, 0, 3;
    %ret/vec4 0, 0, 3;  Assign to cand_input (store_vec4_to_lval)
    %jmp T_0.25;
T_0.25 ;
    %pop/vec4 1;
    %jmp T_0.5;
T_0.3 ;
    %load/vec4 v0x73e86d400_0;
    %dup/vec4;
    %pushi/vec4 0, 0, 2;
    %cmp/u;
    %jmp/1 T_0.26, 6;
    %dup/vec4;
    %pushi/vec4 1, 0, 2;
    %cmp/u;
    %jmp/1 T_0.27, 6;
    %dup/vec4;
    %pushi/vec4 2, 0, 2;
    %cmp/u;
    %jmp/1 T_0.28, 6;
    %pushi/vec4 4, 0, 3;
    %ret/vec4 0, 0, 3;  Assign to cand_input (store_vec4_to_lval)
    %jmp T_0.30;
T_0.26 ;
    %pushi/vec4 0, 0, 3;
    %ret/vec4 0, 0, 3;  Assign to cand_input (store_vec4_to_lval)
    %jmp T_0.30;
T_0.27 ;
    %pushi/vec4 1, 0, 3;
    %ret/vec4 0, 0, 3;  Assign to cand_input (store_vec4_to_lval)
    %jmp T_0.30;
T_0.28 ;
    %pushi/vec4 2, 0, 3;
    %ret/vec4 0, 0, 3;  Assign to cand_input (store_vec4_to_lval)
    %jmp T_0.30;
T_0.30 ;
    %pop/vec4 1;
    %jmp T_0.5;
T_0.5 ;
    %pop/vec4 1;
    %end;
S_0x1051c4d50 .scope function.vec4.u4, "next_dx" "next_dx" 3 118, 3 118 0, S_0x1051cffc0;
 .timescale 0 0;
v0x73e86d4a0_0 .var/s "dx", 3 0;
; Variable next_dx is vec4 return value of scope S_0x1051c4d50
TD_tb_noc_router.dut.next_dx ;
    %load/vec4 v0x73e86d4a0_0;
    %pad/s 32;
    %cmpi/s 0, 0, 32;
    %jmp/0xz  T_1.31, 5;
    %load/vec4 v0x73e86d4a0_0;
    %addi 1, 0, 4;
    %ret/vec4 0, 0, 4;  Assign to next_dx (store_vec4_to_lval)
    %jmp T_1.32;
T_1.31 ;
    %load/vec4 v0x73e86d4a0_0;
    %pad/s 32;
    %cmpi/s 0, 0, 32;
    %flag_or 5, 4; GT is !LE
    %flag_inv 5;
    %jmp/0xz  T_1.33, 5;
    %load/vec4 v0x73e86d4a0_0;
    %subi 1, 0, 4;
    %ret/vec4 0, 0, 4;  Assign to next_dx (store_vec4_to_lval)
    %jmp T_1.34;
T_1.33 ;
    %load/vec4 v0x73e86d4a0_0;
    %ret/vec4 0, 0, 4;  Assign to next_dx (store_vec4_to_lval)
T_1.34 ;
T_1.32 ;
    %end;
S_0x1051c4ed0 .scope function.vec4.u4, "next_dy" "next_dy" 3 130, 3 130 0, S_0x1051cffc0;
 .timescale 0 0;
v0x73e86ce60_0 .var/s "dx", 3 0;
v0x73e86cf00_0 .var/s "dy", 3 0;
; Variable next_dy is vec4 return value of scope S_0x1051c4ed0
TD_tb_noc_router.dut.next_dy ;
    %load/vec4 v0x73e86ce60_0;
    %pad/s 32;
    %cmpi/ne 0, 0, 32;
    %jmp/0xz  T_2.35, 4;
    %load/vec4 v0x73e86cf00_0;
    %ret/vec4 0, 0, 4;  Assign to next_dy (store_vec4_to_lval)
    %jmp T_2.36;
T_2.35 ;
    %load/vec4 v0x73e86cf00_0;
    %pad/s 32;
    %cmpi/s 0, 0, 32;
    %jmp/0xz  T_2.37, 5;
    %load/vec4 v0x73e86cf00_0;
    %addi 1, 0, 4;
    %ret/vec4 0, 0, 4;  Assign to next_dy (store_vec4_to_lval)
    %jmp T_2.38;
T_2.37 ;
    %load/vec4 v0x73e86cf00_0;
    %pad/s 32;
    %cmpi/s 0, 0, 32;
    %flag_or 5, 4; GT is !LE
    %flag_inv 5;
    %jmp/0xz  T_2.39, 5;
    %load/vec4 v0x73e86cf00_0;
    %subi 1, 0, 4;
    %ret/vec4 0, 0, 4;  Assign to next_dy (store_vec4_to_lval)
    %jmp T_2.40;
T_2.39 ;
    %load/vec4 v0x73e86cf00_0;
    %ret/vec4 0, 0, 4;  Assign to next_dy (store_vec4_to_lval)
T_2.40 ;
T_2.38 ;
T_2.36 ;
    %end;
S_0x1051dc150 .scope generate, "pack_out[0]" "pack_out[0]" 3 332, 3 332 0, S_0x1051cffc0;
 .timescale 0 0;
P_0x73f0ad2c0 .param/l "g" 1 3 332, +C4<00>;
v0x73e86d040_0 .net *"_ivl_11", 7 0, v0x73e86f3e0_0;  1 drivers
v0x73e86d0e0_0 .net *"_ivl_2", 1 0, v0x73e86f5c0_0;  1 drivers
v0x73e86d5e0_0 .net *"_ivl_5", 3 0, v0x73e86f480_0;  1 drivers
v0x73e86d680_0 .net *"_ivl_8", 3 0, v0x73e86f520_0;  1 drivers
S_0x1051dc970 .scope generate, "pack_out[1]" "pack_out[1]" 3 332, 3 332 0, S_0x1051cffc0;
 .timescale 0 0;
P_0x73f0ad340 .param/l "g" 1 3 332, +C4<01>;
v0x73e86d720_0 .net *"_ivl_11", 7 0, v0x73e86f3e0_1;  1 drivers
v0x73e86d7c0_0 .net *"_ivl_2", 1 0, v0x73e86f5c0_1;  1 drivers
v0x73e86d860_0 .net *"_ivl_5", 3 0, v0x73e86f480_1;  1 drivers
v0x73e86d180_0 .net *"_ivl_8", 3 0, v0x73e86f520_1;  1 drivers
S_0x1051dcaf0 .scope generate, "pack_out[2]" "pack_out[2]" 3 332, 3 332 0, S_0x1051cffc0;
 .timescale 0 0;
P_0x73f0ad380 .param/l "g" 1 3 332, +C4<010>;
v0x73e86d220_0 .net *"_ivl_11", 7 0, v0x73e86f3e0_2;  1 drivers
v0x73e86d900_0 .net *"_ivl_2", 1 0, v0x73e86f5c0_2;  1 drivers
v0x73e86d9a0_0 .net *"_ivl_5", 3 0, v0x73e86f480_2;  1 drivers
v0x73e86da40_0 .net *"_ivl_8", 3 0, v0x73e86f520_2;  1 drivers
S_0x1051dcc70 .scope generate, "pack_out[3]" "pack_out[3]" 3 332, 3 332 0, S_0x1051cffc0;
 .timescale 0 0;
P_0x73f0ad3c0 .param/l "g" 1 3 332, +C4<011>;
v0x73e86dae0_0 .net *"_ivl_11", 7 0, v0x73e86f3e0_3;  1 drivers
v0x73e86db80_0 .net *"_ivl_2", 1 0, v0x73e86f5c0_3;  1 drivers
v0x73e86dc20_0 .net *"_ivl_5", 3 0, v0x73e86f480_3;  1 drivers
v0x73e86dcc0_0 .net *"_ivl_8", 3 0, v0x73e86f520_3;  1 drivers
S_0x1051dd5f0 .scope generate, "pack_out[4]" "pack_out[4]" 3 332, 3 332 0, S_0x1051cffc0;
 .timescale 0 0;
P_0x73f0ad400 .param/l "g" 1 3 332, +C4<0100>;
v0x73e86dd60_0 .net *"_ivl_11", 7 0, v0x73e86f3e0_4;  1 drivers
v0x73e86de00_0 .net *"_ivl_2", 1 0, v0x73e86f5c0_4;  1 drivers
v0x73e86dea0_0 .net *"_ivl_5", 3 0, v0x73e86f480_4;  1 drivers
v0x73e86df40_0 .net *"_ivl_8", 3 0, v0x73e86f520_4;  1 drivers
S_0x73e8b0000 .scope function.vec4.s3, "route_of" "route_of" 3 101, 3 101 0, S_0x1051cffc0;
 .timescale 0 0;
v0x73e86dfe0_0 .var/s "dx", 3 0;
v0x73e86e080_0 .var/s "dy", 3 0;
; Variable route_of is vec4 return value of scope S_0x73e8b0000
TD_tb_noc_router.dut.route_of ;
    %load/vec4 v0x73e86dfe0_0;
    %pad/s 32;
    %cmpi/s 0, 0, 32;
    %jmp/0xz  T_3.41, 5;
    %pushi/vec4 3, 0, 3;
    %ret/vec4 0, 0, 3;  Assign to route_of (store_vec4_to_lval)
    %jmp T_3.42;
T_3.41 ;
    %load/vec4 v0x73e86dfe0_0;
    %pad/s 32;
    %cmpi/s 0, 0, 32;
    %flag_or 5, 4; GT is !LE
    %flag_inv 5;
    %jmp/0xz  T_3.43, 5;
    %pushi/vec4 2, 0, 3;
    %ret/vec4 0, 0, 3;  Assign to route_of (store_vec4_to_lval)
    %jmp T_3.44;
T_3.43 ;
    %load/vec4 v0x73e86e080_0;
    %pad/s 32;
    %cmpi/s 0, 0, 32;
    %jmp/0xz  T_3.45, 5;
    %pushi/vec4 0, 0, 3;
    %ret/vec4 0, 0, 3;  Assign to route_of (store_vec4_to_lval)
    %jmp T_3.46;
T_3.45 ;
    %load/vec4 v0x73e86e080_0;
    %pad/s 32;
    %cmpi/s 0, 0, 32;
    %flag_or 5, 4; GT is !LE
    %flag_inv 5;
    %jmp/0xz  T_3.47, 5;
    %pushi/vec4 1, 0, 3;
    %ret/vec4 0, 0, 3;  Assign to route_of (store_vec4_to_lval)
    %jmp T_3.48;
T_3.47 ;
    %pushi/vec4 4, 0, 3;
    %ret/vec4 0, 0, 3;  Assign to route_of (store_vec4_to_lval)
T_3.48 ;
T_3.46 ;
T_3.44 ;
T_3.42 ;
    %end;
S_0x73e8b0180 .scope generate, "unpack[0]" "unpack[0]" 3 89, 3 89 0, S_0x1051cffc0;
 .timescale 0 0;
P_0x73f0ad300 .param/l "g" 1 3 89, +C4<00>;
S_0x73e8b0300 .scope generate, "unpack[1]" "unpack[1]" 3 89, 3 89 0, S_0x1051cffc0;
 .timescale 0 0;
P_0x73f0ad440 .param/l "g" 1 3 89, +C4<01>;
S_0x73e8b0480 .scope generate, "unpack[2]" "unpack[2]" 3 89, 3 89 0, S_0x1051cffc0;
 .timescale 0 0;
P_0x73f0ad480 .param/l "g" 1 3 89, +C4<010>;
S_0x73e8b0600 .scope generate, "unpack[3]" "unpack[3]" 3 89, 3 89 0, S_0x1051cffc0;
 .timescale 0 0;
P_0x73f0ad4c0 .param/l "g" 1 3 89, +C4<011>;
S_0x73e8b0780 .scope generate, "unpack[4]" "unpack[4]" 3 89, 3 89 0, S_0x1051cffc0;
 .timescale 0 0;
P_0x73f0ad500 .param/l "g" 1 3 89, +C4<0100>;
S_0x73e8b0900 .scope begin, "illegal_head_test" "illegal_head_test" 2 335, 2 335 0, S_0x1051d7970;
 .timescale -9 -12;
S_0x73e8b0a80 .scope begin, "multi_flit_test" "multi_flit_test" 2 136, 2 136 0, S_0x1051d7970;
 .timescale -9 -12;
S_0x73e8b0c00 .scope task, "send_and_check" "send_and_check" 2 49, 2 49 0, S_0x1051d7970;
 .timescale -9 -12;
v0x73e86fc00_0 .var "data", 7 0;
v0x73e86fca0_0 .var/s "dx", 3 0;
v0x73e86fd40_0 .var/s "dy", 3 0;
v0x73e86fde0_0 .var "exp_out", 2 0;
v0x73e86fe80_0 .var/i "k", 31 0;
v0x73e86ff20_0 .var "port", 2 0;
v0x73e8b4000_0 .var "router_code_flit", 2 0;
TD_tb_noc_router.send_and_check ;
    %load/vec4 v0x73e8b4b40_0;
    %addi 1, 0, 32;
    %store/vec4 v0x73e8b4b40_0, 0, 32;
    %load/vec4 v0x73e8b4000_0;
    %pushi/vec4 3, 0, 32;
    %load/vec4 v0x73e86ff20_0;
    %pad/u 32;
    %mul;
    %ix/vec4 4;
    %store/vec4 v0x73e8b4460_0, 4, 3;
    %pushi/vec4 1, 0, 1;
    %ix/getv 4, v0x73e86ff20_0;
    %store/vec4 v0x73e8b45a0_0, 4, 1;
    %pushi/vec4 2, 0, 2;
    %load/vec4 v0x73e86ff20_0;
    %pad/u 32;
    %muli 2, 0, 32;
    %ix/vec4 4;
    %store/vec4 v0x73e8b4500_0, 4, 2;
    %load/vec4 v0x73e86fca0_0;
    %load/vec4 v0x73e86ff20_0;
    %pad/u 32;
    %muli 4, 0, 32;
    %ix/vec4 4;
    %store/vec4 v0x73e8b4280_0, 4, 4;
    %load/vec4 v0x73e86fd40_0;
    %load/vec4 v0x73e86ff20_0;
    %pad/u 32;
    %muli 4, 0, 32;
    %ix/vec4 4;
    %store/vec4 v0x73e8b4320_0, 4, 4;
    %load/vec4 v0x73e86fc00_0;
    %load/vec4 v0x73e86ff20_0;
    %pad/u 32;
    %muli 8, 0, 32;
    %ix/vec4 4;
    %store/vec4 v0x73e8b41e0_0, 4, 8;
    %delay 1000, 0;
    %load/vec4 v0x73e8b43c0_0;
    %load/vec4 v0x73e86ff20_0;
    %part/u 1;
    %nor/r;
    %flag_set/vec4 8;
    %jmp/0xz  T_4.49, 8;
    %vpi_call 2 68 "$display", "FAIL test %0d: port %0d dx=%0d dy=%0d not granted", v0x73e8b4b40_0, v0x73e86ff20_0, v0x73e86fca0_0, v0x73e86fd40_0 {0 0 0};
    %load/vec4 v0x73e8b4140_0;
    %addi 1, 0, 32;
    %store/vec4 v0x73e8b4140_0, 0, 32;
    %jmp T_4.50;
T_4.49 ;
    %load/vec4 v0x73e8b4a00_0;
    %load/vec4 v0x73e86fde0_0;
    %part/u 1;
    %nor/r;
    %flag_set/vec4 8;
    %jmp/0xz  T_4.51, 8;
    %vpi_call 2 71 "$display", "FAIL test %0d: port %0d dx=%0d dy=%0d expected out %0d but out_valid[%0d]=0", v0x73e8b4b40_0, v0x73e86ff20_0, v0x73e86fca0_0, v0x73e86fd40_0, v0x73e86fde0_0, v0x73e86fde0_0 {0 0 0};
    %load/vec4 v0x73e8b4140_0;
    %addi 1, 0, 32;
    %store/vec4 v0x73e8b4140_0, 0, 32;
    %jmp T_4.52;
T_4.51 ;
    %load/vec4 v0x73e8b4640_0;
    %load/vec4 v0x73e86fde0_0;
    %pad/u 32;
    %muli 8, 0, 32;
    %part/u 8;
    %load/vec4 v0x73e86fc00_0;
    %cmp/ne;
    %jmp/0xz  T_4.53, 6;
    %load/vec4 v0x73e8b4640_0;
    %load/vec4 v0x73e86fde0_0;
    %pad/u 32;
    %muli 8, 0, 32;
    %part/u 8;
    %vpi_call 2 75 "$display", "FAIL test %0d: data mismatch on out %0d: got %0h expected %0h", v0x73e8b4b40_0, v0x73e86fde0_0, S<0,vec4,u8>, v0x73e86fc00_0 {1 0 0};
    %load/vec4 v0x73e8b4140_0;
    %addi 1, 0, 32;
    %store/vec4 v0x73e8b4140_0, 0, 32;
    %jmp T_4.54;
T_4.53 ;
    %pushi/vec4 0, 0, 32;
    %store/vec4 v0x73e86fe80_0, 0, 32;
T_4.55 ;
    %load/vec4 v0x73e86fe80_0;
    %cmpi/s 5, 0, 32;
    %jmp/0xz T_4.56, 5;
    %load/vec4 v0x73e86fe80_0;
    %load/vec4 v0x73e86fde0_0;
    %pad/u 32;
    %cmp/ne;
    %flag_get/vec4 4;
    %jmp/0 T_4.59, 4;
    %load/vec4 v0x73e8b4a00_0;
    %load/vec4 v0x73e86fe80_0;
    %part/s 1;
    %and;
T_4.59;
    %flag_set/vec4 8;
    %jmp/0xz  T_4.57, 8;
    %vpi_call 2 81 "$display", "FAIL test %0d: unexpected out_valid[%0d] also high", v0x73e8b4b40_0, v0x73e86fe80_0 {0 0 0};
    %load/vec4 v0x73e8b4140_0;
    %addi 1, 0, 32;
    %store/vec4 v0x73e8b4140_0, 0, 32;
T_4.57 ;
    %load/vec4 v0x73e86fe80_0;
    %addi 1, 0, 32;
    %store/vec4 v0x73e86fe80_0, 0, 32;
    %jmp T_4.55;
T_4.56 ;
    %vpi_call 2 85 "$display", "PASS test %0d: port %0d (dx=%0d,dy=%0d) -> out %0d, data=%0h", v0x73e8b4b40_0, v0x73e86ff20_0, v0x73e86fca0_0, v0x73e86fd40_0, v0x73e86fde0_0, v0x73e86fc00_0 {0 0 0};
T_4.54 ;
T_4.52 ;
T_4.50 ;
    %wait E_0x73f0c0740;
    %delay 1000, 0;
    %pushi/vec4 0, 0, 1;
    %ix/getv 4, v0x73e86ff20_0;
    %store/vec4 v0x73e8b45a0_0, 4, 1;
    %wait E_0x73f0c0740;
    %delay 1000, 0;
    %end;
S_0x73e8b0d80 .scope begin, "stray_flit_test" "stray_flit_test" 2 283, 2 283 0, S_0x1051d7970;
 .timescale -9 -12;
    .scope S_0x1051cffc0;
T_5 ;
    %wait E_0x73f0c08c0;
    %load/vec4 v0x73e86e300_0;
    %flag_set/vec4 9;
    %flag_get/vec4 9;
    %jmp/0 T_5.2, 9;
    %load/vec4 v0x73e86e9e0_0;
    %parti/s 1, 4, 4;
    %and;
T_5.2;
    %flag_set/vec4 8;
    %jmp/0xz  T_5.0, 8;
    %pushi/vec4 0, 0, 3;
    %store/vec4 v0x73e86f840_0, 0, 3;
    %jmp T_5.1;
T_5.0 ;
    %pushi/vec4 2, 0, 3;
    %store/vec4 v0x73e86f840_0, 0, 3;
T_5.1 ;
    %jmp T_5;
    .thread T_5, $push;
    .scope S_0x1051cffc0;
T_6 ;
    %wait E_0x73f0c0880;
    %pushi/vec4 0, 0, 32;
    %store/vec4 v0x73e86e620_0, 0, 32;
T_6.0 ;
    %load/vec4 v0x73e86e620_0;
    %cmpi/s 5, 0, 32;
    %jmp/0xz T_6.1, 5;
    %ix/getv/s 4, v0x73e86e620_0;
    %load/vec4a v0x73e86f700, 4;
    %flag_set/vec4 8;
    %jmp/0xz  T_6.2, 8;
    %ix/getv/s 4, v0x73e86e620_0;
    %load/vec4a v0x73e86f340, 4;
    %cmpi/e 0, 0, 2;
    %jmp/1 T_6.6, 4;
    %flag_mov 8, 4;
    %ix/getv/s 4, v0x73e86e620_0;
    %load/vec4a v0x73e86f340, 4;
    %cmpi/e 3, 0, 2;
    %flag_or 4, 8;
T_6.6;
    %jmp/0xz  T_6.4, 4;
    %load/vec4 v0x73e86ebc0_0;
    %load/vec4 v0x73e86e620_0;
    %part/s 1;
    %ix/getv/s 4, v0x73e86e620_0;
    %store/vec4a v0x73e86fb60, 4, 0;
    %ix/getv/s 4, v0x73e86e620_0;
    %load/vec4a v0x73e86f7a0, 4;
    %ix/getv/s 4, v0x73e86e620_0;
    %store/vec4a v0x73e86fac0, 4, 0;
    %jmp T_6.5;
T_6.4 ;
    %pushi/vec4 0, 0, 1;
    %ix/getv/s 4, v0x73e86e620_0;
    %store/vec4a v0x73e86fb60, 4, 0;
    %pushi/vec4 0, 0, 3;
    %ix/getv/s 4, v0x73e86e620_0;
    %store/vec4a v0x73e86fac0, 4, 0;
T_6.5 ;
    %jmp T_6.3;
T_6.2 ;
    %load/vec4 v0x73e86ebc0_0;
    %load/vec4 v0x73e86e620_0;
    %part/s 1;
    %flag_set/vec4 9;
    %flag_get/vec4 9;
    %jmp/0 T_6.9, 9;
    %ix/getv/s 4, v0x73e86e620_0;
    %load/vec4a v0x73e86f340, 4;
    %cmpi/e 1, 0, 2;
    %flag_get/vec4 4;
    %jmp/1 T_6.10, 4;
    %ix/getv/s 4, v0x73e86e620_0;
    %load/vec4a v0x73e86f340, 4;
    %pushi/vec4 2, 0, 2;
    %cmp/e;
    %flag_get/vec4 4;
    %or;
T_6.10;
    %and;
T_6.9;
    %flag_set/vec4 8;
    %jmp/0xz  T_6.7, 8;
    %pushi/vec4 1, 0, 1;
    %ix/getv/s 4, v0x73e86e620_0;
    %store/vec4a v0x73e86fb60, 4, 0;
    %ix/getv/s 4, v0x73e86e620_0;
    %load/vec4a v0x73e86f200, 4;
    %ix/getv/s 4, v0x73e86e620_0;
    %load/vec4a v0x73e86f2a0, 4;
    %store/vec4 v0x73e86e080_0, 0, 4;
    %store/vec4 v0x73e86dfe0_0, 0, 4;
    %callf/vec4 TD_tb_noc_router.dut.route_of, S_0x73e8b0000;
    %ix/getv/s 4, v0x73e86e620_0;
    %store/vec4a v0x73e86fac0, 4, 0;
    %jmp T_6.8;
T_6.7 ;
    %pushi/vec4 0, 0, 1;
    %ix/getv/s 4, v0x73e86e620_0;
    %store/vec4a v0x73e86fb60, 4, 0;
    %pushi/vec4 0, 0, 3;
    %ix/getv/s 4, v0x73e86e620_0;
    %store/vec4a v0x73e86fac0, 4, 0;
T_6.8 ;
T_6.3 ;
    %load/vec4 v0x73e86e620_0;
    %addi 1, 0, 32;
    %store/vec4 v0x73e86e620_0, 0, 32;
    %jmp T_6.0;
T_6.1 ;
    %jmp T_6;
    .thread T_6, $push;
    .scope S_0x1051cffc0;
T_7 ;
    %wait E_0x73f0c0840;
    %pushi/vec4 0, 0, 32;
    %store/vec4 v0x73e86ec60_0, 0, 32;
T_7.0 ;
    %load/vec4 v0x73e86ec60_0;
    %cmpi/s 5, 0, 32;
    %jmp/0xz T_7.1, 5;
    %pushi/vec4 0, 0, 1;
    %store/vec4 v0x73e86e3a0_0, 0, 1;
    %pushi/vec4 0, 0, 2;
    %store/vec4 v0x73e86e1c0_0, 0, 2;
    %pushi/vec4 0, 0, 32;
    %store/vec4 v0x73e86fa20_0, 0, 32;
T_7.2 ;
    %load/vec4 v0x73e86fa20_0;
    %cmpi/s 4, 0, 32;
    %jmp/0xz T_7.3, 5;
    %ix/getv/s 4, v0x73e86ec60_0;
    %load/vec4a v0x73e86f8e0, 4;
    %pad/u 32;
    %load/vec4 v0x73e86fa20_0;
    %add;
    %store/vec4 v0x73e86e760_0, 0, 32;
    %load/vec4 v0x73e86e760_0;
    %parti/s 2, 0, 2;
    %store/vec4 v0x73e86e6c0_0, 0, 2;
    %load/vec4 v0x73e86e3a0_0;
    %nor/r;
    %flag_set/vec4 10;
    %flag_get/vec4 10;
    %jmp/0 T_7.7, 10;
    %load/vec4 v0x73e86ec60_0;
    %parti/s 3, 0, 2;
    %load/vec4 v0x73e86e6c0_0;
    %store/vec4 v0x73e86d400_0, 0, 2;
    %store/vec4 v0x73e86d360_0, 0, 3;
    %callf/vec4 TD_tb_noc_router.dut.cand_input, S_0x1051d0140;
    %pad/u 4;
    %ix/vec4 4;
    %load/vec4a v0x73e86fb60, 4;
    %and;
T_7.7;
    %flag_set/vec4 9;
    %flag_get/vec4 9;
    %jmp/0 T_7.6, 9;
    %load/vec4 v0x73e86ec60_0;
    %parti/s 3, 0, 2;
    %load/vec4 v0x73e86e6c0_0;
    %store/vec4 v0x73e86d400_0, 0, 2;
    %store/vec4 v0x73e86d360_0, 0, 3;
    %callf/vec4 TD_tb_noc_router.dut.cand_input, S_0x1051d0140;
    %pad/u 4;
    %ix/vec4 4;
    %load/vec4a v0x73e86fac0, 4;
    %load/vec4 v0x73e86ec60_0;
    %parti/s 3, 0, 2;
    %cmp/e;
    %flag_get/vec4 4;
    %and;
T_7.6;
    %flag_set/vec4 8;
    %jmp/0xz  T_7.4, 8;
    %pushi/vec4 1, 0, 1;
    %store/vec4 v0x73e86e3a0_0, 0, 1;
    %load/vec4 v0x73e86e6c0_0;
    %store/vec4 v0x73e86e1c0_0, 0, 2;
T_7.4 ;
    %load/vec4 v0x73e86fa20_0;
    %addi 1, 0, 32;
    %store/vec4 v0x73e86fa20_0, 0, 32;
    %jmp T_7.2;
T_7.3 ;
    %load/vec4 v0x73e86e3a0_0;
    %ix/getv/s 4, v0x73e86ec60_0;
    %store/vec4a v0x73e86e580, 4, 0;
    %load/vec4 v0x73e86e3a0_0;
    %flag_set/vec4 8;
    %jmp/0 T_7.8, 8;
    %load/vec4 v0x73e86ec60_0;
    %parti/s 3, 0, 2;
    %load/vec4 v0x73e86e1c0_0;
    %store/vec4 v0x73e86d400_0, 0, 2;
    %store/vec4 v0x73e86d360_0, 0, 3;
    %callf/vec4 TD_tb_noc_router.dut.cand_input, S_0x1051d0140;
    %jmp/1 T_7.9, 8;
T_7.8 ; End of true expr.
    %pushi/vec4 0, 0, 3;
    %jmp/0 T_7.9, 8;
 ; End of false expr.
    %blend;
T_7.9;
    %ix/getv/s 4, v0x73e86ec60_0;
    %store/vec4a v0x73e86e440, 4, 0;
    %load/vec4 v0x73e86e1c0_0;
    %ix/getv/s 4, v0x73e86ec60_0;
    %store/vec4a v0x73e86e4e0, 4, 0;
    %load/vec4 v0x73e86ec60_0;
    %addi 1, 0, 32;
    %store/vec4 v0x73e86ec60_0, 0, 32;
    %jmp T_7.0;
T_7.1 ;
    %jmp T_7;
    .thread T_7, $push;
    .scope S_0x1051cffc0;
T_8 ;
    %wait E_0x73f0c0800;
    %pushi/vec4 0, 0, 32;
    %store/vec4 v0x73e86ec60_0, 0, 32;
T_8.0 ;
    %load/vec4 v0x73e86ec60_0;
    %cmpi/s 5, 0, 32;
    %jmp/0xz T_8.1, 5;
    %ix/getv/s 4, v0x73e86ec60_0;
    %load/vec4a v0x73e86e580, 4;
    %flag_set/vec4 8;
    %jmp/0xz  T_8.2, 8;
    %ix/getv/s 5, v0x73e86ec60_0;
    %load/vec4a v0x73e86e440, 5;
    %pad/u 4;
    %ix/vec4 4;
    %load/vec4a v0x73e86f340, 4;
    %ix/getv/s 4, v0x73e86ec60_0;
    %store/vec4a v0x73e86f5c0, 4, 0;
    %ix/getv/s 5, v0x73e86ec60_0;
    %load/vec4a v0x73e86e440, 5;
    %pad/u 4;
    %ix/vec4 4;
    %load/vec4a v0x73e86f160, 4;
    %ix/getv/s 4, v0x73e86ec60_0;
    %store/vec4a v0x73e86f3e0, 4, 0;
    %ix/getv/s 5, v0x73e86ec60_0;
    %load/vec4a v0x73e86e440, 5;
    %pad/u 4;
    %ix/vec4 4;
    %load/vec4a v0x73e86f340, 4;
    %cmpi/e 1, 0, 2;
    %jmp/1 T_8.6, 4;
    %flag_mov 8, 4;
    %ix/getv/s 5, v0x73e86ec60_0;
    %load/vec4a v0x73e86e440, 5;
    %pad/u 4;
    %ix/vec4 4;
    %load/vec4a v0x73e86f340, 4;
    %cmpi/e 2, 0, 2;
    %flag_or 4, 8;
T_8.6;
    %jmp/0xz  T_8.4, 4;
    %ix/getv/s 5, v0x73e86ec60_0;
    %load/vec4a v0x73e86e440, 5;
    %pad/u 4;
    %ix/vec4 4;
    %load/vec4a v0x73e86f200, 4;
    %store/vec4 v0x73e86d4a0_0, 0, 4;
    %callf/vec4 TD_tb_noc_router.dut.next_dx, S_0x1051c4d50;
    %ix/getv/s 4, v0x73e86ec60_0;
    %store/vec4a v0x73e86f480, 4, 0;
    %ix/getv/s 5, v0x73e86ec60_0;
    %load/vec4a v0x73e86e440, 5;
    %pad/u 4;
    %ix/vec4 4;
    %load/vec4a v0x73e86f200, 4;
    %ix/getv/s 5, v0x73e86ec60_0;
    %load/vec4a v0x73e86e440, 5;
    %pad/u 4;
    %ix/vec4 4;
    %load/vec4a v0x73e86f2a0, 4;
    %store/vec4 v0x73e86cf00_0, 0, 4;
    %store/vec4 v0x73e86ce60_0, 0, 4;
    %callf/vec4 TD_tb_noc_router.dut.next_dy, S_0x1051c4ed0;
    %ix/getv/s 4, v0x73e86ec60_0;
    %store/vec4a v0x73e86f520, 4, 0;
    %jmp T_8.5;
T_8.4 ;
    %pushi/vec4 0, 0, 4;
    %ix/getv/s 4, v0x73e86ec60_0;
    %store/vec4a v0x73e86f480, 4, 0;
    %pushi/vec4 0, 0, 4;
    %ix/getv/s 4, v0x73e86ec60_0;
    %store/vec4a v0x73e86f520, 4, 0;
T_8.5 ;
    %jmp T_8.3;
T_8.2 ;
    %pushi/vec4 0, 0, 2;
    %ix/getv/s 4, v0x73e86ec60_0;
    %store/vec4a v0x73e86f5c0, 4, 0;
    %pushi/vec4 0, 0, 4;
    %ix/getv/s 4, v0x73e86ec60_0;
    %store/vec4a v0x73e86f480, 4, 0;
    %pushi/vec4 0, 0, 4;
    %ix/getv/s 4, v0x73e86ec60_0;
    %store/vec4a v0x73e86f520, 4, 0;
    %pushi/vec4 0, 0, 8;
    %ix/getv/s 4, v0x73e86ec60_0;
    %store/vec4a v0x73e86f3e0, 4, 0;
T_8.3 ;
    %load/vec4 v0x73e86ec60_0;
    %addi 1, 0, 32;
    %store/vec4 v0x73e86ec60_0, 0, 32;
    %jmp T_8.0;
T_8.1 ;
    %jmp T_8;
    .thread T_8, $push;
    .scope S_0x1051cffc0;
T_9 ;
    %wait E_0x73f0c07c0;
    %pushi/vec4 0, 0, 32;
    %store/vec4 v0x73e86e620_0, 0, 32;
T_9.0 ;
    %load/vec4 v0x73e86e620_0;
    %cmpi/s 5, 0, 32;
    %jmp/0xz T_9.1, 5;
    %ix/getv/s 4, v0x73e86e620_0;
    %load/vec4a v0x73e86fb60, 4;
    %flag_set/vec4 10;
    %flag_get/vec4 10;
    %jmp/0 T_9.4, 10;
    %ix/getv/s 5, v0x73e86e620_0;
    %load/vec4a v0x73e86fac0, 5;
    %pad/u 4;
    %ix/vec4 4;
    %load/vec4a v0x73e86e580, 4;
    %and;
T_9.4;
    %flag_set/vec4 9;
    %flag_get/vec4 9;
    %jmp/0 T_9.3, 9;
    %ix/getv/s 5, v0x73e86e620_0;
    %load/vec4a v0x73e86fac0, 5;
    %pad/u 4;
    %ix/vec4 4;
    %load/vec4a v0x73e86e440, 4;
    %pad/u 32;
    %load/vec4 v0x73e86e620_0;
    %cmp/e;
    %flag_get/vec4 4;
    %and;
T_9.3;
    %flag_set/vec4 8;
    %flag_get/vec4 8;
    %jmp/0 T_9.2, 8;
    %load/vec4 v0x73e86eee0_0;
    %ix/getv/s 4, v0x73e86e620_0;
    %load/vec4a v0x73e86fac0, 4;
    %part/u 1;
    %and;
T_9.2;
    %ix/getv/s 4, v0x73e86e620_0;
    %store/vec4a v0x73e86f660, 4, 0;
    %load/vec4 v0x73e86e620_0;
    %addi 1, 0, 32;
    %store/vec4 v0x73e86e620_0, 0, 32;
    %jmp T_9.0;
T_9.1 ;
    %jmp T_9;
    .thread T_9, $push;
    .scope S_0x1051cffc0;
T_10 ;
    %wait E_0x73f0c0780;
    %load/vec4 v0x73e86f980_0;
    %nor/r;
    %flag_set/vec4 8;
    %jmp/0xz  T_10.0, 8;
    %pushi/vec4 0, 0, 32;
    %store/vec4 v0x73e86e620_0, 0, 32;
T_10.2 ;
    %load/vec4 v0x73e86e620_0;
    %cmpi/s 5, 0, 32;
    %jmp/0xz T_10.3, 5;
    %pushi/vec4 0, 0, 1;
    %ix/getv/s 3, v0x73e86e620_0;
    %ix/load 4, 0, 0; Constant delay
    %assign/vec4/a/d v0x73e86f700, 0, 4;
    %pushi/vec4 0, 0, 3;
    %ix/getv/s 3, v0x73e86e620_0;
    %ix/load 4, 0, 0; Constant delay
    %assign/vec4/a/d v0x73e86f7a0, 0, 4;
    %load/vec4 v0x73e86e620_0;
    %addi 1, 0, 32;
    %store/vec4 v0x73e86e620_0, 0, 32;
    %jmp T_10.2;
T_10.3 ;
    %pushi/vec4 0, 0, 32;
    %store/vec4 v0x73e86ec60_0, 0, 32;
T_10.4 ;
    %load/vec4 v0x73e86ec60_0;
    %cmpi/s 5, 0, 32;
    %jmp/0xz T_10.5, 5;
    %pushi/vec4 0, 0, 2;
    %ix/getv/s 3, v0x73e86ec60_0;
    %ix/load 4, 0, 0; Constant delay
    %assign/vec4/a/d v0x73e86f8e0, 0, 4;
    %load/vec4 v0x73e86ec60_0;
    %addi 1, 0, 32;
    %store/vec4 v0x73e86ec60_0, 0, 32;
    %jmp T_10.4;
T_10.5 ;
    %jmp T_10.1;
T_10.0 ;
    %pushi/vec4 0, 0, 32;
    %store/vec4 v0x73e86e620_0, 0, 32;
T_10.6 ;
    %load/vec4 v0x73e86e620_0;
    %cmpi/s 5, 0, 32;
    %jmp/0xz T_10.7, 5;
    %ix/getv/s 4, v0x73e86e620_0;
    %load/vec4a v0x73e86f660, 4;
    %flag_set/vec4 9;
    %flag_get/vec4 9;
    %jmp/0 T_10.10, 9;
    %load/vec4 v0x73e86ebc0_0;
    %load/vec4 v0x73e86e620_0;
    %part/s 1;
    %and;
T_10.10;
    %flag_set/vec4 8;
    %jmp/0xz  T_10.8, 8;
    %ix/getv/s 4, v0x73e86e620_0;
    %load/vec4a v0x73e86f340, 4;
    %cmpi/e 1, 0, 2;
    %jmp/0xz  T_10.11, 4;
    %pushi/vec4 1, 0, 1;
    %ix/getv/s 3, v0x73e86e620_0;
    %ix/load 4, 0, 0; Constant delay
    %assign/vec4/a/d v0x73e86f700, 0, 4;
    %ix/getv/s 4, v0x73e86e620_0;
    %load/vec4a v0x73e86fac0, 4;
    %ix/getv/s 3, v0x73e86e620_0;
    %ix/load 4, 0, 0; Constant delay
    %assign/vec4/a/d v0x73e86f7a0, 0, 4;
    %jmp T_10.12;
T_10.11 ;
    %ix/getv/s 4, v0x73e86e620_0;
    %load/vec4a v0x73e86f340, 4;
    %cmpi/e 3, 0, 2;
    %jmp/1 T_10.15, 4;
    %flag_mov 8, 4;
    %ix/getv/s 4, v0x73e86e620_0;
    %load/vec4a v0x73e86f340, 4;
    %cmpi/e 2, 0, 2;
    %flag_or 4, 8;
T_10.15;
    %jmp/0xz  T_10.13, 4;
    %pushi/vec4 0, 0, 1;
    %ix/getv/s 3, v0x73e86e620_0;
    %ix/load 4, 0, 0; Constant delay
    %assign/vec4/a/d v0x73e86f700, 0, 4;
T_10.13 ;
T_10.12 ;
T_10.8 ;
    %load/vec4 v0x73e86e620_0;
    %addi 1, 0, 32;
    %store/vec4 v0x73e86e620_0, 0, 32;
    %jmp T_10.6;
T_10.7 ;
    %pushi/vec4 0, 0, 32;
    %store/vec4 v0x73e86ec60_0, 0, 32;
T_10.16 ;
    %load/vec4 v0x73e86ec60_0;
    %cmpi/s 5, 0, 32;
    %jmp/0xz T_10.17, 5;
    %ix/getv/s 4, v0x73e86ec60_0;
    %load/vec4a v0x73e86e580, 4;
    %flag_set/vec4 9;
    %flag_get/vec4 9;
    %jmp/0 T_10.20, 9;
    %load/vec4 v0x73e86eee0_0;
    %load/vec4 v0x73e86ec60_0;
    %part/s 1;
    %and;
T_10.20;
    %flag_set/vec4 8;
    %jmp/0xz  T_10.18, 8;
    %ix/getv/s 4, v0x73e86ec60_0;
    %load/vec4a v0x73e86e4e0, 4;
    %addi 1, 0, 2;
    %ix/getv/s 3, v0x73e86ec60_0;
    %ix/load 4, 0, 0; Constant delay
    %assign/vec4/a/d v0x73e86f8e0, 0, 4;
T_10.18 ;
    %load/vec4 v0x73e86ec60_0;
    %addi 1, 0, 32;
    %store/vec4 v0x73e86ec60_0, 0, 32;
    %jmp T_10.16;
T_10.17 ;
T_10.1 ;
    %jmp T_10;
    .thread T_10;
    .scope S_0x1051d7970;
T_11 ;
    %pushi/vec4 0, 0, 1;
    %store/vec4 v0x73e8b40a0_0, 0, 1;
    %pushi/vec4 0, 0, 1;
    %store/vec4 v0x73e8b4aa0_0, 0, 1;
    %pushi/vec4 32767, 0, 15;
    %store/vec4 v0x73e8b4460_0, 0, 15;
    %pushi/vec4 0, 0, 5;
    %store/vec4 v0x73e8b45a0_0, 0, 5;
    %pushi/vec4 0, 0, 10;
    %store/vec4 v0x73e8b4500_0, 0, 10;
    %pushi/vec4 0, 0, 20;
    %store/vec4 v0x73e8b4280_0, 0, 20;
    %pushi/vec4 0, 0, 20;
    %store/vec4 v0x73e8b4320_0, 0, 20;
    %pushi/vec4 0, 0, 40;
    %store/vec4 v0x73e8b41e0_0, 0, 40;
    %pushi/vec4 31, 0, 5;
    %store/vec4 v0x73e8b4820_0, 0, 5;
    %pushi/vec4 0, 0, 32;
    %store/vec4 v0x73e8b4140_0, 0, 32;
    %pushi/vec4 0, 0, 32;
    %store/vec4 v0x73e8b4b40_0, 0, 32;
    %end;
    .thread T_11;
    .scope S_0x1051d7970;
T_12 ;
    %delay 5000, 0;
    %load/vec4 v0x73e8b40a0_0;
    %inv;
    %store/vec4 v0x73e8b40a0_0, 0, 1;
    %jmp T_12;
    .thread T_12;
    .scope S_0x1051d7970;
T_13 ;
    %pushi/vec4 0, 0, 1;
    %store/vec4 v0x73e8b4aa0_0, 0, 1;
    %pushi/vec4 3, 0, 32;
T_13.0 %dup/vec4;
    %pushi/vec4 0, 0, 32;
    %cmp/s;
    %jmp/1xz T_13.1, 5;
    %jmp/1 T_13.1, 4;
    %pushi/vec4 1, 0, 32;
    %sub;
    %wait E_0x73f0c0740;
    %jmp T_13.0;
T_13.1 ;
    %pop/vec4 1;
    %pushi/vec4 1, 0, 1;
    %store/vec4 v0x73e8b4aa0_0, 0, 1;
    %wait E_0x73f0c0740;
    %vpi_call 2 100 "$dumpfile", "/Users/hello.welcometothisdevice/CooK/sim/waveforms/noc_router.vcd" {0 0 0};
    %vpi_call 2 101 "$dumpvars", 32'sb00000000000000000000000000000000, S_0x1051d7970 {0 0 0};
    %pushi/vec4 1, 0, 3;
    %store/vec4 v0x73e86ff20_0, 0, 3;
    %pushi/vec4 1, 0, 3;
    %store/vec4 v0x73e8b4000_0, 0, 3;
    %pushi/vec4 0, 0, 4;
    %store/vec4 v0x73e86fca0_0, 0, 4;
    %pushi/vec4 15, 0, 4;
    %store/vec4 v0x73e86fd40_0, 0, 4;
    %pushi/vec4 161, 0, 8;
    %store/vec4 v0x73e86fc00_0, 0, 8;
    %pushi/vec4 0, 0, 3;
    %store/vec4 v0x73e86fde0_0, 0, 3;
    %fork TD_tb_noc_router.send_and_check, S_0x73e8b0c00;
    %join;
    %pushi/vec4 2, 0, 3;
    %store/vec4 v0x73e86ff20_0, 0, 3;
    %pushi/vec4 1, 0, 3;
    %store/vec4 v0x73e8b4000_0, 0, 3;
    %pushi/vec4 0, 0, 4;
    %store/vec4 v0x73e86fca0_0, 0, 4;
    %pushi/vec4 15, 0, 4;
    %store/vec4 v0x73e86fd40_0, 0, 4;
    %pushi/vec4 162, 0, 8;
    %store/vec4 v0x73e86fc00_0, 0, 8;
    %pushi/vec4 0, 0, 3;
    %store/vec4 v0x73e86fde0_0, 0, 3;
    %fork TD_tb_noc_router.send_and_check, S_0x73e8b0c00;
    %join;
    %pushi/vec4 3, 0, 3;
    %store/vec4 v0x73e86ff20_0, 0, 3;
    %pushi/vec4 1, 0, 3;
    %store/vec4 v0x73e8b4000_0, 0, 3;
    %pushi/vec4 0, 0, 4;
    %store/vec4 v0x73e86fca0_0, 0, 4;
    %pushi/vec4 15, 0, 4;
    %store/vec4 v0x73e86fd40_0, 0, 4;
    %pushi/vec4 163, 0, 8;
    %store/vec4 v0x73e86fc00_0, 0, 8;
    %pushi/vec4 0, 0, 3;
    %store/vec4 v0x73e86fde0_0, 0, 3;
    %fork TD_tb_noc_router.send_and_check, S_0x73e8b0c00;
    %join;
    %pushi/vec4 4, 0, 3;
    %store/vec4 v0x73e86ff20_0, 0, 3;
    %pushi/vec4 1, 0, 3;
    %store/vec4 v0x73e8b4000_0, 0, 3;
    %pushi/vec4 0, 0, 4;
    %store/vec4 v0x73e86fca0_0, 0, 4;
    %pushi/vec4 15, 0, 4;
    %store/vec4 v0x73e86fd40_0, 0, 4;
    %pushi/vec4 164, 0, 8;
    %store/vec4 v0x73e86fc00_0, 0, 8;
    %pushi/vec4 0, 0, 3;
    %store/vec4 v0x73e86fde0_0, 0, 3;
    %fork TD_tb_noc_router.send_and_check, S_0x73e8b0c00;
    %join;
    %pushi/vec4 0, 0, 3;
    %store/vec4 v0x73e86ff20_0, 0, 3;
    %pushi/vec4 1, 0, 3;
    %store/vec4 v0x73e8b4000_0, 0, 3;
    %pushi/vec4 0, 0, 4;
    %store/vec4 v0x73e86fca0_0, 0, 4;
    %pushi/vec4 1, 0, 4;
    %store/vec4 v0x73e86fd40_0, 0, 4;
    %pushi/vec4 177, 0, 8;
    %store/vec4 v0x73e86fc00_0, 0, 8;
    %pushi/vec4 1, 0, 3;
    %store/vec4 v0x73e86fde0_0, 0, 3;
    %fork TD_tb_noc_router.send_and_check, S_0x73e8b0c00;
    %join;
    %pushi/vec4 2, 0, 3;
    %store/vec4 v0x73e86ff20_0, 0, 3;
    %pushi/vec4 1, 0, 3;
    %store/vec4 v0x73e8b4000_0, 0, 3;
    %pushi/vec4 0, 0, 4;
    %store/vec4 v0x73e86fca0_0, 0, 4;
    %pushi/vec4 1, 0, 4;
    %store/vec4 v0x73e86fd40_0, 0, 4;
    %pushi/vec4 178, 0, 8;
    %store/vec4 v0x73e86fc00_0, 0, 8;
    %pushi/vec4 1, 0, 3;
    %store/vec4 v0x73e86fde0_0, 0, 3;
    %fork TD_tb_noc_router.send_and_check, S_0x73e8b0c00;
    %join;
    %pushi/vec4 3, 0, 3;
    %store/vec4 v0x73e86ff20_0, 0, 3;
    %pushi/vec4 1, 0, 3;
    %store/vec4 v0x73e8b4000_0, 0, 3;
    %pushi/vec4 0, 0, 4;
    %store/vec4 v0x73e86fca0_0, 0, 4;
    %pushi/vec4 1, 0, 4;
    %store/vec4 v0x73e86fd40_0, 0, 4;
    %pushi/vec4 179, 0, 8;
    %store/vec4 v0x73e86fc00_0, 0, 8;
    %pushi/vec4 1, 0, 3;
    %store/vec4 v0x73e86fde0_0, 0, 3;
    %fork TD_tb_noc_router.send_and_check, S_0x73e8b0c00;
    %join;
    %pushi/vec4 4, 0, 3;
    %store/vec4 v0x73e86ff20_0, 0, 3;
    %pushi/vec4 1, 0, 3;
    %store/vec4 v0x73e8b4000_0, 0, 3;
    %pushi/vec4 0, 0, 4;
    %store/vec4 v0x73e86fca0_0, 0, 4;
    %pushi/vec4 1, 0, 4;
    %store/vec4 v0x73e86fd40_0, 0, 4;
    %pushi/vec4 180, 0, 8;
    %store/vec4 v0x73e86fc00_0, 0, 8;
    %pushi/vec4 1, 0, 3;
    %store/vec4 v0x73e86fde0_0, 0, 3;
    %fork TD_tb_noc_router.send_and_check, S_0x73e8b0c00;
    %join;
    %pushi/vec4 0, 0, 3;
    %store/vec4 v0x73e86ff20_0, 0, 3;
    %pushi/vec4 1, 0, 3;
    %store/vec4 v0x73e8b4000_0, 0, 3;
    %pushi/vec4 1, 0, 4;
    %store/vec4 v0x73e86fca0_0, 0, 4;
    %pushi/vec4 0, 0, 4;
    %store/vec4 v0x73e86fd40_0, 0, 4;
    %pushi/vec4 193, 0, 8;
    %store/vec4 v0x73e86fc00_0, 0, 8;
    %pushi/vec4 2, 0, 3;
    %store/vec4 v0x73e86fde0_0, 0, 3;
    %fork TD_tb_noc_router.send_and_check, S_0x73e8b0c00;
    %join;
    %pushi/vec4 1, 0, 3;
    %store/vec4 v0x73e86ff20_0, 0, 3;
    %pushi/vec4 1, 0, 3;
    %store/vec4 v0x73e8b4000_0, 0, 3;
    %pushi/vec4 1, 0, 4;
    %store/vec4 v0x73e86fca0_0, 0, 4;
    %pushi/vec4 0, 0, 4;
    %store/vec4 v0x73e86fd40_0, 0, 4;
    %pushi/vec4 194, 0, 8;
    %store/vec4 v0x73e86fc00_0, 0, 8;
    %pushi/vec4 2, 0, 3;
    %store/vec4 v0x73e86fde0_0, 0, 3;
    %fork TD_tb_noc_router.send_and_check, S_0x73e8b0c00;
    %join;
    %pushi/vec4 3, 0, 3;
    %store/vec4 v0x73e86ff20_0, 0, 3;
    %pushi/vec4 1, 0, 3;
    %store/vec4 v0x73e8b4000_0, 0, 3;
    %pushi/vec4 1, 0, 4;
    %store/vec4 v0x73e86fca0_0, 0, 4;
    %pushi/vec4 0, 0, 4;
    %store/vec4 v0x73e86fd40_0, 0, 4;
    %pushi/vec4 195, 0, 8;
    %store/vec4 v0x73e86fc00_0, 0, 8;
    %pushi/vec4 2, 0, 3;
    %store/vec4 v0x73e86fde0_0, 0, 3;
    %fork TD_tb_noc_router.send_and_check, S_0x73e8b0c00;
    %join;
    %pushi/vec4 4, 0, 3;
    %store/vec4 v0x73e86ff20_0, 0, 3;
    %pushi/vec4 1, 0, 3;
    %store/vec4 v0x73e8b4000_0, 0, 3;
    %pushi/vec4 1, 0, 4;
    %store/vec4 v0x73e86fca0_0, 0, 4;
    %pushi/vec4 0, 0, 4;
    %store/vec4 v0x73e86fd40_0, 0, 4;
    %pushi/vec4 196, 0, 8;
    %store/vec4 v0x73e86fc00_0, 0, 8;
    %pushi/vec4 2, 0, 3;
    %store/vec4 v0x73e86fde0_0, 0, 3;
    %fork TD_tb_noc_router.send_and_check, S_0x73e8b0c00;
    %join;
    %pushi/vec4 0, 0, 3;
    %store/vec4 v0x73e86ff20_0, 0, 3;
    %pushi/vec4 1, 0, 3;
    %store/vec4 v0x73e8b4000_0, 0, 3;
    %pushi/vec4 15, 0, 4;
    %store/vec4 v0x73e86fca0_0, 0, 4;
    %pushi/vec4 0, 0, 4;
    %store/vec4 v0x73e86fd40_0, 0, 4;
    %pushi/vec4 209, 0, 8;
    %store/vec4 v0x73e86fc00_0, 0, 8;
    %pushi/vec4 3, 0, 3;
    %store/vec4 v0x73e86fde0_0, 0, 3;
    %fork TD_tb_noc_router.send_and_check, S_0x73e8b0c00;
    %join;
    %pushi/vec4 1, 0, 3;
    %store/vec4 v0x73e86ff20_0, 0, 3;
    %pushi/vec4 1, 0, 3;
    %store/vec4 v0x73e8b4000_0, 0, 3;
    %pushi/vec4 15, 0, 4;
    %store/vec4 v0x73e86fca0_0, 0, 4;
    %pushi/vec4 0, 0, 4;
    %store/vec4 v0x73e86fd40_0, 0, 4;
    %pushi/vec4 210, 0, 8;
    %store/vec4 v0x73e86fc00_0, 0, 8;
    %pushi/vec4 3, 0, 3;
    %store/vec4 v0x73e86fde0_0, 0, 3;
    %fork TD_tb_noc_router.send_and_check, S_0x73e8b0c00;
    %join;
    %pushi/vec4 2, 0, 3;
    %store/vec4 v0x73e86ff20_0, 0, 3;
    %pushi/vec4 1, 0, 3;
    %store/vec4 v0x73e8b4000_0, 0, 3;
    %pushi/vec4 15, 0, 4;
    %store/vec4 v0x73e86fca0_0, 0, 4;
    %pushi/vec4 0, 0, 4;
    %store/vec4 v0x73e86fd40_0, 0, 4;
    %pushi/vec4 211, 0, 8;
    %store/vec4 v0x73e86fc00_0, 0, 8;
    %pushi/vec4 3, 0, 3;
    %store/vec4 v0x73e86fde0_0, 0, 3;
    %fork TD_tb_noc_router.send_and_check, S_0x73e8b0c00;
    %join;
    %pushi/vec4 4, 0, 3;
    %store/vec4 v0x73e86ff20_0, 0, 3;
    %pushi/vec4 1, 0, 3;
    %store/vec4 v0x73e8b4000_0, 0, 3;
    %pushi/vec4 15, 0, 4;
    %store/vec4 v0x73e86fca0_0, 0, 4;
    %pushi/vec4 0, 0, 4;
    %store/vec4 v0x73e86fd40_0, 0, 4;
    %pushi/vec4 212, 0, 8;
    %store/vec4 v0x73e86fc00_0, 0, 8;
    %pushi/vec4 3, 0, 3;
    %store/vec4 v0x73e86fde0_0, 0, 3;
    %fork TD_tb_noc_router.send_and_check, S_0x73e8b0c00;
    %join;
    %pushi/vec4 0, 0, 3;
    %store/vec4 v0x73e86ff20_0, 0, 3;
    %pushi/vec4 1, 0, 3;
    %store/vec4 v0x73e8b4000_0, 0, 3;
    %pushi/vec4 0, 0, 4;
    %store/vec4 v0x73e86fca0_0, 0, 4;
    %pushi/vec4 0, 0, 4;
    %store/vec4 v0x73e86fd40_0, 0, 4;
    %pushi/vec4 225, 0, 8;
    %store/vec4 v0x73e86fc00_0, 0, 8;
    %pushi/vec4 4, 0, 3;
    %store/vec4 v0x73e86fde0_0, 0, 3;
    %fork TD_tb_noc_router.send_and_check, S_0x73e8b0c00;
    %join;
    %pushi/vec4 1, 0, 3;
    %store/vec4 v0x73e86ff20_0, 0, 3;
    %pushi/vec4 1, 0, 3;
    %store/vec4 v0x73e8b4000_0, 0, 3;
    %pushi/vec4 0, 0, 4;
    %store/vec4 v0x73e86fca0_0, 0, 4;
    %pushi/vec4 0, 0, 4;
    %store/vec4 v0x73e86fd40_0, 0, 4;
    %pushi/vec4 226, 0, 8;
    %store/vec4 v0x73e86fc00_0, 0, 8;
    %pushi/vec4 4, 0, 3;
    %store/vec4 v0x73e86fde0_0, 0, 3;
    %fork TD_tb_noc_router.send_and_check, S_0x73e8b0c00;
    %join;
    %pushi/vec4 2, 0, 3;
    %store/vec4 v0x73e86ff20_0, 0, 3;
    %pushi/vec4 1, 0, 3;
    %store/vec4 v0x73e8b4000_0, 0, 3;
    %pushi/vec4 0, 0, 4;
    %store/vec4 v0x73e86fca0_0, 0, 4;
    %pushi/vec4 0, 0, 4;
    %store/vec4 v0x73e86fd40_0, 0, 4;
    %pushi/vec4 227, 0, 8;
    %store/vec4 v0x73e86fc00_0, 0, 8;
    %pushi/vec4 4, 0, 3;
    %store/vec4 v0x73e86fde0_0, 0, 3;
    %fork TD_tb_noc_router.send_and_check, S_0x73e8b0c00;
    %join;
    %pushi/vec4 3, 0, 3;
    %store/vec4 v0x73e86ff20_0, 0, 3;
    %pushi/vec4 1, 0, 3;
    %store/vec4 v0x73e8b4000_0, 0, 3;
    %pushi/vec4 0, 0, 4;
    %store/vec4 v0x73e86fca0_0, 0, 4;
    %pushi/vec4 0, 0, 4;
    %store/vec4 v0x73e86fd40_0, 0, 4;
    %pushi/vec4 228, 0, 8;
    %store/vec4 v0x73e86fc00_0, 0, 8;
    %pushi/vec4 4, 0, 3;
    %store/vec4 v0x73e86fde0_0, 0, 3;
    %fork TD_tb_noc_router.send_and_check, S_0x73e8b0c00;
    %join;
    %fork t_1, S_0x73e8b0a80;
    %jmp t_0;
    .scope S_0x73e8b0a80;
t_1 ;
    %load/vec4 v0x73e8b4b40_0;
    %addi 1, 0, 32;
    %store/vec4 v0x73e8b4b40_0, 0, 32;
    %pushi/vec4 1, 0, 3;
    %ix/load 4, 3, 0;
    %flag_set/imm 4, 0;
    %store/vec4 v0x73e8b4460_0, 4, 3;
    %pushi/vec4 1, 0, 1;
    %ix/load 4, 1, 0;
    %flag_set/imm 4, 0;
    %store/vec4 v0x73e8b45a0_0, 4, 1;
    %pushi/vec4 1, 0, 2;
    %ix/load 4, 2, 0;
    %flag_set/imm 4, 0;
    %store/vec4 v0x73e8b4500_0, 4, 2;
    %pushi/vec4 0, 0, 4;
    %ix/load 4, 4, 0;
    %flag_set/imm 4, 0;
    %store/vec4 v0x73e8b4280_0, 4, 4;
    %pushi/vec4 15, 0, 4;
    %ix/load 4, 4, 0;
    %flag_set/imm 4, 0;
    %store/vec4 v0x73e8b4320_0, 4, 4;
    %pushi/vec4 17, 0, 8;
    %ix/load 4, 8, 0;
    %flag_set/imm 4, 0;
    %store/vec4 v0x73e8b41e0_0, 4, 8;
    %delay 1000, 0;
    %load/vec4 v0x73e8b43c0_0;
    %parti/s 1, 1, 2;
    %nor/r;
    %flag_set/vec4 8;
    %jmp/1 T_13.4, 8;
    %load/vec4 v0x73e8b4a00_0;
    %parti/s 1, 0, 2;
    %nor/r;
    %flag_set/vec4 9;
    %flag_or 8, 9;
T_13.4;
    %jmp/0xz  T_13.2, 8;
    %vpi_call 2 146 "$display", "FAIL multi-flit: Head not accepted/routed to N" {0 0 0};
    %load/vec4 v0x73e8b4140_0;
    %addi 1, 0, 32;
    %store/vec4 v0x73e8b4140_0, 0, 32;
    %jmp T_13.3;
T_13.2 ;
    %vpi_call 2 149 "$display", "PASS multi-flit: Head routed to N" {0 0 0};
T_13.3 ;
    %wait E_0x73f0c0740;
    %delay 1000, 0;
    %pushi/vec4 0, 0, 2;
    %ix/load 4, 2, 0;
    %flag_set/imm 4, 0;
    %store/vec4 v0x73e8b4500_0, 4, 2;
    %pushi/vec4 34, 0, 8;
    %ix/load 4, 8, 0;
    %flag_set/imm 4, 0;
    %store/vec4 v0x73e8b41e0_0, 4, 8;
    %delay 1000, 0;
    %load/vec4 v0x73e8b43c0_0;
    %parti/s 1, 1, 2;
    %nor/r;
    %flag_set/vec4 8;
    %jmp/1 T_13.8, 8;
    %load/vec4 v0x73e8b4a00_0;
    %parti/s 1, 0, 2;
    %nor/r;
    %flag_set/vec4 9;
    %flag_or 8, 9;
T_13.8;
    %jmp/1 T_13.7, 8;
    %load/vec4 v0x73e8b4640_0;
    %parti/s 8, 0, 2;
    %cmpi/ne 34, 0, 8;
    %flag_or 8, 6;
T_13.7;
    %jmp/0xz  T_13.5, 8;
    %vpi_call 2 156 "$display", "FAIL multi-flit: Body not held on route to N" {0 0 0};
    %load/vec4 v0x73e8b4140_0;
    %addi 1, 0, 32;
    %store/vec4 v0x73e8b4140_0, 0, 32;
    %jmp T_13.6;
T_13.5 ;
    %vpi_call 2 159 "$display", "PASS multi-flit: Body followed held route to N" {0 0 0};
T_13.6 ;
    %wait E_0x73f0c0740;
    %delay 1000, 0;
    %pushi/vec4 3, 0, 2;
    %ix/load 4, 2, 0;
    %flag_set/imm 4, 0;
    %store/vec4 v0x73e8b4500_0, 4, 2;
    %pushi/vec4 51, 0, 8;
    %ix/load 4, 8, 0;
    %flag_set/imm 4, 0;
    %store/vec4 v0x73e8b41e0_0, 4, 8;
    %delay 1000, 0;
    %load/vec4 v0x73e8b43c0_0;
    %parti/s 1, 1, 2;
    %nor/r;
    %flag_set/vec4 8;
    %jmp/1 T_13.12, 8;
    %load/vec4 v0x73e8b4a00_0;
    %parti/s 1, 0, 2;
    %nor/r;
    %flag_set/vec4 9;
    %flag_or 8, 9;
T_13.12;
    %jmp/1 T_13.11, 8;
    %load/vec4 v0x73e8b4640_0;
    %parti/s 8, 0, 2;
    %cmpi/ne 51, 0, 8;
    %flag_or 8, 6;
T_13.11;
    %jmp/0xz  T_13.9, 8;
    %vpi_call 2 166 "$display", "FAIL multi-flit: Tail not routed to N" {0 0 0};
    %load/vec4 v0x73e8b4140_0;
    %addi 1, 0, 32;
    %store/vec4 v0x73e8b4140_0, 0, 32;
    %jmp T_13.10;
T_13.9 ;
    %vpi_call 2 169 "$display", "PASS multi-flit: Tail routed to N, route released" {0 0 0};
T_13.10 ;
    %wait E_0x73f0c0740;
    %delay 1000, 0;
    %pushi/vec4 0, 0, 1;
    %ix/load 4, 1, 0;
    %flag_set/imm 4, 0;
    %store/vec4 v0x73e8b45a0_0, 4, 1;
    %load/vec4 v0x73e8b4b40_0;
    %addi 1, 0, 32;
    %store/vec4 v0x73e8b4b40_0, 0, 32;
    %pushi/vec4 1, 0, 1;
    %ix/load 4, 1, 0;
    %flag_set/imm 4, 0;
    %store/vec4 v0x73e8b45a0_0, 4, 1;
    %pushi/vec4 1, 0, 3;
    %ix/load 4, 3, 0;
    %flag_set/imm 4, 0;
    %store/vec4 v0x73e8b4460_0, 4, 3;
    %pushi/vec4 2, 0, 2;
    %ix/load 4, 2, 0;
    %flag_set/imm 4, 0;
    %store/vec4 v0x73e8b4500_0, 4, 2;
    %pushi/vec4 1, 0, 4;
    %ix/load 4, 4, 0;
    %flag_set/imm 4, 0;
    %store/vec4 v0x73e8b4280_0, 4, 4;
    %pushi/vec4 0, 0, 4;
    %ix/load 4, 4, 0;
    %flag_set/imm 4, 0;
    %store/vec4 v0x73e8b4320_0, 4, 4;
    %pushi/vec4 68, 0, 8;
    %ix/load 4, 8, 0;
    %flag_set/imm 4, 0;
    %store/vec4 v0x73e8b41e0_0, 4, 8;
    %delay 1000, 0;
    %load/vec4 v0x73e8b43c0_0;
    %parti/s 1, 1, 2;
    %nor/r;
    %flag_set/vec4 8;
    %jmp/1 T_13.16, 8;
    %load/vec4 v0x73e8b4a00_0;
    %parti/s 1, 2, 3;
    %nor/r;
    %flag_set/vec4 9;
    %flag_or 8, 9;
T_13.16;
    %jmp/1 T_13.15, 8;
    %load/vec4 v0x73e8b4640_0;
    %parti/s 8, 16, 6;
    %cmpi/ne 68, 0, 8;
    %flag_or 8, 6;
T_13.15;
    %jmp/0xz  T_13.13, 8;
    %vpi_call 2 185 "$display", "FAIL: route not released after Tail (S still stuck routing to N)" {0 0 0};
    %load/vec4 v0x73e8b4140_0;
    %addi 1, 0, 32;
    %store/vec4 v0x73e8b4140_0, 0, 32;
    %jmp T_13.14;
T_13.13 ;
    %vpi_call 2 188 "$display", "PASS: route correctly released, S free to route elsewhere after Tail" {0 0 0};
T_13.14 ;
    %wait E_0x73f0c0740;
    %delay 1000, 0;
    %pushi/vec4 0, 0, 1;
    %ix/load 4, 1, 0;
    %flag_set/imm 4, 0;
    %store/vec4 v0x73e8b45a0_0, 4, 1;
    %wait E_0x73f0c0740;
    %delay 1000, 0;
    %end;
    .scope S_0x1051d7970;
t_0 %join;
    %fork t_3, S_0x1051d9730;
    %jmp t_2;
    .scope S_0x1051d9730;
t_3 ;
    %load/vec4 v0x73e8b4b40_0;
    %addi 1, 0, 32;
    %store/vec4 v0x73e8b4b40_0, 0, 32;
    %pushi/vec4 1, 0, 1;
    %ix/load 4, 1, 0;
    %flag_set/imm 4, 0;
    %store/vec4 v0x73e8b45a0_0, 4, 1;
    %pushi/vec4 1, 0, 3;
    %ix/load 4, 3, 0;
    %flag_set/imm 4, 0;
    %store/vec4 v0x73e8b4460_0, 4, 3;
    %pushi/vec4 2, 0, 2;
    %ix/load 4, 2, 0;
    %flag_set/imm 4, 0;
    %store/vec4 v0x73e8b4500_0, 4, 2;
    %pushi/vec4 0, 0, 4;
    %ix/load 4, 4, 0;
    %flag_set/imm 4, 0;
    %store/vec4 v0x73e8b4280_0, 4, 4;
    %pushi/vec4 15, 0, 4;
    %ix/load 4, 4, 0;
    %flag_set/imm 4, 0;
    %store/vec4 v0x73e8b4320_0, 4, 4;
    %pushi/vec4 85, 0, 8;
    %ix/load 4, 8, 0;
    %flag_set/imm 4, 0;
    %store/vec4 v0x73e8b41e0_0, 4, 8;
    %pushi/vec4 1, 0, 1;
    %ix/load 4, 2, 0;
    %flag_set/imm 4, 0;
    %store/vec4 v0x73e8b45a0_0, 4, 1;
    %pushi/vec4 2, 0, 2;
    %ix/load 4, 4, 0;
    %flag_set/imm 4, 0;
    %store/vec4 v0x73e8b4500_0, 4, 2;
    %pushi/vec4 0, 0, 4;
    %ix/load 4, 8, 0;
    %flag_set/imm 4, 0;
    %store/vec4 v0x73e8b4280_0, 4, 4;
    %pushi/vec4 15, 0, 4;
    %ix/load 4, 8, 0;
    %flag_set/imm 4, 0;
    %store/vec4 v0x73e8b4320_0, 4, 4;
    %pushi/vec4 102, 0, 8;
    %ix/load 4, 16, 0;
    %flag_set/imm 4, 0;
    %store/vec4 v0x73e8b41e0_0, 4, 8;
    %delay 1000, 0;
    %load/vec4 v0x73e8b43c0_0;
    %parti/s 1, 1, 2;
    %flag_set/vec4 11;
    %flag_get/vec4 11;
    %jmp/0 T_13.21, 11;
    %load/vec4 v0x73e8b43c0_0;
    %parti/s 1, 2, 3;
    %nor/r;
    %and;
T_13.21;
    %flag_set/vec4 10;
    %flag_get/vec4 10;
    %jmp/0 T_13.20, 10;
    %load/vec4 v0x73e8b4a00_0;
    %parti/s 1, 0, 2;
    %and;
T_13.20;
    %flag_set/vec4 9;
    %flag_get/vec4 9;
    %jmp/0 T_13.19, 9;
    %load/vec4 v0x73e8b4640_0;
    %parti/s 8, 0, 2;
    %pushi/vec4 85, 0, 8;
    %cmp/e;
    %flag_get/vec4 6;
    %and;
T_13.19;
    %flag_set/vec4 8;
    %jmp/0xz  T_13.17, 8;
    %pushi/vec4 1, 0, 1;
    %store/vec4 v0x73e86c6e0_0, 0, 1;
    %vpi_call 2 222 "$display", "PASS contention round 1: S and E both want N; arbiter picks exactly one (S)" {0 0 0};
    %jmp T_13.18;
T_13.17 ;
    %load/vec4 v0x73e8b43c0_0;
    %parti/s 1, 1, 2;
    %nor/r;
    %flag_set/vec4 11;
    %flag_get/vec4 11;
    %jmp/0 T_13.26, 11;
    %load/vec4 v0x73e8b43c0_0;
    %parti/s 1, 2, 3;
    %and;
T_13.26;
    %flag_set/vec4 10;
    %flag_get/vec4 10;
    %jmp/0 T_13.25, 10;
    %load/vec4 v0x73e8b4a00_0;
    %parti/s 1, 0, 2;
    %and;
T_13.25;
    %flag_set/vec4 9;
    %flag_get/vec4 9;
    %jmp/0 T_13.24, 9;
    %load/vec4 v0x73e8b4640_0;
    %parti/s 8, 0, 2;
    %pushi/vec4 102, 0, 8;
    %cmp/e;
    %flag_get/vec4 6;
    %and;
T_13.24;
    %flag_set/vec4 8;
    %jmp/0xz  T_13.22, 8;
    %pushi/vec4 0, 0, 1;
    %store/vec4 v0x73e86c6e0_0, 0, 1;
    %vpi_call 2 225 "$display", "PASS contention round 1: S and E both want N; arbiter picks exactly one (E)" {0 0 0};
    %jmp T_13.23;
T_13.22 ;
    %vpi_call 2 227 "$display", "FAIL contention round 1: expected exactly one winner, got in_ready[S]=%b in_ready[E]=%b", &PV<v0x73e8b43c0_0, 1, 1>, &PV<v0x73e8b43c0_0, 2, 1> {0 0 0};
    %load/vec4 v0x73e8b4140_0;
    %addi 1, 0, 32;
    %store/vec4 v0x73e8b4140_0, 0, 32;
    %pushi/vec4 1, 0, 1;
    %store/vec4 v0x73e86c6e0_0, 0, 1;
T_13.23 ;
T_13.18 ;
    %wait E_0x73f0c0740;
    %delay 1000, 0;
    %load/vec4 v0x73e8b4b40_0;
    %addi 1, 0, 32;
    %store/vec4 v0x73e8b4b40_0, 0, 32;
    %load/vec4 v0x73e86c6e0_0;
    %flag_set/vec4 8;
    %jmp/0xz  T_13.27, 8;
    %pushi/vec4 0, 0, 1;
    %ix/load 4, 1, 0;
    %flag_set/imm 4, 0;
    %store/vec4 v0x73e8b45a0_0, 4, 1;
    %pushi/vec4 1, 0, 1;
    %ix/load 4, 1, 0;
    %flag_set/imm 4, 0;
    %store/vec4 v0x73e8b45a0_0, 4, 1;
    %pushi/vec4 2, 0, 2;
    %ix/load 4, 2, 0;
    %flag_set/imm 4, 0;
    %store/vec4 v0x73e8b4500_0, 4, 2;
    %pushi/vec4 0, 0, 4;
    %ix/load 4, 4, 0;
    %flag_set/imm 4, 0;
    %store/vec4 v0x73e8b4280_0, 4, 4;
    %pushi/vec4 15, 0, 4;
    %ix/load 4, 4, 0;
    %flag_set/imm 4, 0;
    %store/vec4 v0x73e8b4320_0, 4, 4;
    %pushi/vec4 119, 0, 8;
    %ix/load 4, 8, 0;
    %flag_set/imm 4, 0;
    %store/vec4 v0x73e8b41e0_0, 4, 8;
    %delay 1000, 0;
    %load/vec4 v0x73e8b43c0_0;
    %parti/s 1, 2, 3;
    %flag_set/vec4 9;
    %flag_get/vec4 9;
    %jmp/0 T_13.31, 9;
    %load/vec4 v0x73e8b43c0_0;
    %parti/s 1, 1, 2;
    %nor/r;
    %and;
T_13.31;
    %flag_set/vec4 8;
    %jmp/0xz  T_13.29, 8;
    %vpi_call 2 249 "$display", "PASS contention round 2: round-robin rotated to E, no starvation" {0 0 0};
    %jmp T_13.30;
T_13.29 ;
    %vpi_call 2 251 "$display", "FAIL contention round 2: expected E (previous loser) to win, in_ready[S]=%b in_ready[E]=%b", &PV<v0x73e8b43c0_0, 1, 1>, &PV<v0x73e8b43c0_0, 2, 1> {0 0 0};
    %load/vec4 v0x73e8b4140_0;
    %addi 1, 0, 32;
    %store/vec4 v0x73e8b4140_0, 0, 32;
T_13.30 ;
    %jmp T_13.28;
T_13.27 ;
    %pushi/vec4 0, 0, 1;
    %ix/load 4, 2, 0;
    %flag_set/imm 4, 0;
    %store/vec4 v0x73e8b45a0_0, 4, 1;
    %pushi/vec4 1, 0, 1;
    %ix/load 4, 2, 0;
    %flag_set/imm 4, 0;
    %store/vec4 v0x73e8b45a0_0, 4, 1;
    %pushi/vec4 2, 0, 2;
    %ix/load 4, 4, 0;
    %flag_set/imm 4, 0;
    %store/vec4 v0x73e8b4500_0, 4, 2;
    %pushi/vec4 0, 0, 4;
    %ix/load 4, 8, 0;
    %flag_set/imm 4, 0;
    %store/vec4 v0x73e8b4280_0, 4, 4;
    %pushi/vec4 15, 0, 4;
    %ix/load 4, 8, 0;
    %flag_set/imm 4, 0;
    %store/vec4 v0x73e8b4320_0, 4, 4;
    %pushi/vec4 119, 0, 8;
    %ix/load 4, 16, 0;
    %flag_set/imm 4, 0;
    %store/vec4 v0x73e8b41e0_0, 4, 8;
    %delay 1000, 0;
    %load/vec4 v0x73e8b43c0_0;
    %parti/s 1, 1, 2;
    %flag_set/vec4 9;
    %flag_get/vec4 9;
    %jmp/0 T_13.34, 9;
    %load/vec4 v0x73e8b43c0_0;
    %parti/s 1, 2, 3;
    %nor/r;
    %and;
T_13.34;
    %flag_set/vec4 8;
    %jmp/0xz  T_13.32, 8;
    %vpi_call 2 263 "$display", "PASS contention round 2: round-robin rotated to S, no starvation" {0 0 0};
    %jmp T_13.33;
T_13.32 ;
    %vpi_call 2 265 "$display", "FAIL contention round 2: expected S (previous loser) to win, in_ready[S]=%b in_ready[E]=%b", &PV<v0x73e8b43c0_0, 1, 1>, &PV<v0x73e8b43c0_0, 2, 1> {0 0 0};
    %load/vec4 v0x73e8b4140_0;
    %addi 1, 0, 32;
    %store/vec4 v0x73e8b4140_0, 0, 32;
T_13.33 ;
T_13.28 ;
    %wait E_0x73f0c0740;
    %delay 1000, 0;
    %pushi/vec4 0, 0, 1;
    %ix/load 4, 1, 0;
    %flag_set/imm 4, 0;
    %store/vec4 v0x73e8b45a0_0, 4, 1;
    %pushi/vec4 0, 0, 1;
    %ix/load 4, 2, 0;
    %flag_set/imm 4, 0;
    %store/vec4 v0x73e8b45a0_0, 4, 1;
    %wait E_0x73f0c0740;
    %delay 1000, 0;
    %end;
    .scope S_0x1051d7970;
t_2 %join;
    %fork t_5, S_0x73e8b0d80;
    %jmp t_4;
    .scope S_0x73e8b0d80;
t_5 ;
    %load/vec4 v0x73e8b4b40_0;
    %addi 1, 0, 32;
    %store/vec4 v0x73e8b4b40_0, 0, 32;
    %pushi/vec4 1, 0, 1;
    %ix/load 4, 1, 0;
    %flag_set/imm 4, 0;
    %store/vec4 v0x73e8b45a0_0, 4, 1;
    %pushi/vec4 0, 0, 2;
    %ix/load 4, 2, 0;
    %flag_set/imm 4, 0;
    %store/vec4 v0x73e8b4500_0, 4, 2;
    %pushi/vec4 255, 0, 8;
    %ix/load 4, 8, 0;
    %flag_set/imm 4, 0;
    %store/vec4 v0x73e8b41e0_0, 4, 8;
    %delay 1000, 0;
    %load/vec4 v0x73e8b43c0_0;
    %parti/s 1, 1, 2;
    %nor/r;
    %flag_set/vec4 8;
    %jmp/0xz  T_13.35, 8;
    %vpi_call 2 291 "$display", "PASS stray-flit: BODY with no Head is correctly refused (in_ready=0)" {0 0 0};
    %jmp T_13.36;
T_13.35 ;
    %vpi_call 2 293 "$display", "FAIL stray-flit: BODY with no Head was granted -- should never happen" {0 0 0};
    %load/vec4 v0x73e8b4140_0;
    %addi 1, 0, 32;
    %store/vec4 v0x73e8b4140_0, 0, 32;
T_13.36 ;
    %pushi/vec4 3, 0, 32;
T_13.37 %dup/vec4;
    %pushi/vec4 0, 0, 32;
    %cmp/s;
    %jmp/1xz T_13.38, 5;
    %jmp/1 T_13.38, 4;
    %pushi/vec4 1, 0, 32;
    %sub;
    %wait E_0x73f0c0740;
    %delay 1000, 0;
    %load/vec4 v0x73e8b43c0_0;
    %parti/s 1, 1, 2;
    %flag_set/vec4 8;
    %jmp/0xz  T_13.39, 8;
    %vpi_call 2 300 "$display", "FAIL stray-flit: BODY with no Head eventually got granted -- should stall forever" {0 0 0};
    %load/vec4 v0x73e8b4140_0;
    %addi 1, 0, 32;
    %store/vec4 v0x73e8b4140_0, 0, 32;
T_13.39 ;
    %jmp T_13.37;
T_13.38 ;
    %pop/vec4 1;
    %pushi/vec4 0, 0, 1;
    %ix/load 4, 1, 0;
    %flag_set/imm 4, 0;
    %store/vec4 v0x73e8b45a0_0, 4, 1;
    %wait E_0x73f0c0740;
    %delay 1000, 0;
    %load/vec4 v0x73e8b4b40_0;
    %addi 1, 0, 32;
    %store/vec4 v0x73e8b4b40_0, 0, 32;
    %pushi/vec4 1, 0, 1;
    %ix/load 4, 1, 0;
    %flag_set/imm 4, 0;
    %store/vec4 v0x73e8b45a0_0, 4, 1;
    %pushi/vec4 1, 0, 3;
    %ix/load 4, 3, 0;
    %flag_set/imm 4, 0;
    %store/vec4 v0x73e8b4460_0, 4, 3;
    %pushi/vec4 2, 0, 2;
    %ix/load 4, 2, 0;
    %flag_set/imm 4, 0;
    %store/vec4 v0x73e8b4500_0, 4, 2;
    %pushi/vec4 0, 0, 4;
    %ix/load 4, 4, 0;
    %flag_set/imm 4, 0;
    %store/vec4 v0x73e8b4280_0, 4, 4;
    %pushi/vec4 15, 0, 4;
    %ix/load 4, 4, 0;
    %flag_set/imm 4, 0;
    %store/vec4 v0x73e8b4320_0, 4, 4;
    %pushi/vec4 90, 0, 8;
    %ix/load 4, 8, 0;
    %flag_set/imm 4, 0;
    %store/vec4 v0x73e8b41e0_0, 4, 8;
    %delay 1000, 0;
    %load/vec4 v0x73e8b43c0_0;
    %parti/s 1, 1, 2;
    %flag_set/vec4 10;
    %flag_get/vec4 10;
    %jmp/0 T_13.44, 10;
    %load/vec4 v0x73e8b4a00_0;
    %parti/s 1, 0, 2;
    %and;
T_13.44;
    %flag_set/vec4 9;
    %flag_get/vec4 9;
    %jmp/0 T_13.43, 9;
    %load/vec4 v0x73e8b4640_0;
    %parti/s 8, 0, 2;
    %pushi/vec4 90, 0, 8;
    %cmp/e;
    %flag_get/vec4 6;
    %and;
T_13.43;
    %flag_set/vec4 8;
    %jmp/0xz  T_13.41, 8;
    %vpi_call 2 318 "$display", "PASS stray-flit: router recovers cleanly, normal traffic unaffected" {0 0 0};
    %jmp T_13.42;
T_13.41 ;
    %vpi_call 2 320 "$display", "FAIL stray-flit: router did not recover after the illegal attempt" {0 0 0};
    %load/vec4 v0x73e8b4140_0;
    %addi 1, 0, 32;
    %store/vec4 v0x73e8b4140_0, 0, 32;
T_13.42 ;
    %wait E_0x73f0c0740;
    %delay 1000, 0;
    %pushi/vec4 0, 0, 1;
    %ix/load 4, 1, 0;
    %flag_set/imm 4, 0;
    %store/vec4 v0x73e8b45a0_0, 4, 1;
    %wait E_0x73f0c0740;
    %delay 1000, 0;
    %end;
    .scope S_0x1051d7970;
t_4 %join;
    %fork t_7, S_0x73e8b0900;
    %jmp t_6;
    .scope S_0x73e8b0900;
t_7 ;
    %load/vec4 v0x73e8b4b40_0;
    %addi 1, 0, 32;
    %store/vec4 v0x73e8b4b40_0, 0, 32;
    %pushi/vec4 1, 0, 1;
    %ix/load 4, 1, 0;
    %flag_set/imm 4, 0;
    %store/vec4 v0x73e8b45a0_0, 4, 1;
    %pushi/vec4 1, 0, 2;
    %ix/load 4, 2, 0;
    %flag_set/imm 4, 0;
    %store/vec4 v0x73e8b4500_0, 4, 2;
    %pushi/vec4 0, 0, 4;
    %ix/load 4, 4, 0;
    %flag_set/imm 4, 0;
    %store/vec4 v0x73e8b4280_0, 4, 4;
    %pushi/vec4 15, 0, 4;
    %ix/load 4, 4, 0;
    %flag_set/imm 4, 0;
    %store/vec4 v0x73e8b4320_0, 4, 4;
    %pushi/vec4 17, 0, 8;
    %ix/load 4, 8, 0;
    %flag_set/imm 4, 0;
    %store/vec4 v0x73e8b41e0_0, 4, 8;
    %delay 1000, 0;
    %load/vec4 v0x73e8b43c0_0;
    %parti/s 1, 1, 2;
    %nor/r;
    %flag_set/vec4 8;
    %jmp/1 T_13.47, 8;
    %load/vec4 v0x73e8b4a00_0;
    %parti/s 1, 0, 2;
    %nor/r;
    %flag_set/vec4 9;
    %flag_or 8, 9;
T_13.47;
    %jmp/0xz  T_13.45, 8;
    %vpi_call 2 344 "$display", "FAIL illegal-head: setup Head was not accepted" {0 0 0};
    %load/vec4 v0x73e8b4140_0;
    %addi 1, 0, 32;
    %store/vec4 v0x73e8b4140_0, 0, 32;
T_13.45 ;
    %wait E_0x73f0c0740;
    %delay 1000, 0;
    %pushi/vec4 1, 0, 2;
    %ix/load 4, 2, 0;
    %flag_set/imm 4, 0;
    %store/vec4 v0x73e8b4500_0, 4, 2;
    %pushi/vec4 1, 0, 4;
    %ix/load 4, 4, 0;
    %flag_set/imm 4, 0;
    %store/vec4 v0x73e8b4280_0, 4, 4;
    %pushi/vec4 0, 0, 4;
    %ix/load 4, 4, 0;
    %flag_set/imm 4, 0;
    %store/vec4 v0x73e8b4320_0, 4, 4;
    %pushi/vec4 222, 0, 8;
    %ix/load 4, 8, 0;
    %flag_set/imm 4, 0;
    %store/vec4 v0x73e8b41e0_0, 4, 8;
    %delay 1000, 0;
    %load/vec4 v0x73e8b43c0_0;
    %parti/s 1, 1, 2;
    %nor/r;
    %flag_set/vec4 9;
    %flag_get/vec4 9;
    %jmp/0 T_13.50, 9;
    %load/vec4 v0x73e8b4a00_0;
    %parti/s 1, 2, 3;
    %nor/r;
    %and;
T_13.50;
    %flag_set/vec4 8;
    %jmp/0xz  T_13.48, 8;
    %vpi_call 2 356 "$display", "PASS illegal-head: mid-packet Head is refused, NOT misrouted to E" {0 0 0};
    %jmp T_13.49;
T_13.48 ;
    %vpi_call 2 358 "$display", "FAIL illegal-head: mid-packet Head was accepted or misrouted (in_ready=%b out_valid[E]=%b)", &PV<v0x73e8b43c0_0, 1, 1>, &PV<v0x73e8b4a00_0, 2, 1> {0 0 0};
    %load/vec4 v0x73e8b4140_0;
    %addi 1, 0, 32;
    %store/vec4 v0x73e8b4140_0, 0, 32;
T_13.49 ;
    %wait E_0x73f0c0740;
    %delay 1000, 0;
    %load/vec4 v0x73e8b4b40_0;
    %addi 1, 0, 32;
    %store/vec4 v0x73e8b4b40_0, 0, 32;
    %pushi/vec4 0, 0, 2;
    %ix/load 4, 2, 0;
    %flag_set/imm 4, 0;
    %store/vec4 v0x73e8b4500_0, 4, 2;
    %pushi/vec4 34, 0, 8;
    %ix/load 4, 8, 0;
    %flag_set/imm 4, 0;
    %store/vec4 v0x73e8b41e0_0, 4, 8;
    %delay 1000, 0;
    %load/vec4 v0x73e8b43c0_0;
    %parti/s 1, 1, 2;
    %flag_set/vec4 10;
    %flag_get/vec4 10;
    %jmp/0 T_13.54, 10;
    %load/vec4 v0x73e8b4a00_0;
    %parti/s 1, 0, 2;
    %and;
T_13.54;
    %flag_set/vec4 9;
    %flag_get/vec4 9;
    %jmp/0 T_13.53, 9;
    %load/vec4 v0x73e8b4640_0;
    %parti/s 8, 0, 2;
    %pushi/vec4 34, 0, 8;
    %cmp/e;
    %flag_get/vec4 6;
    %and;
T_13.53;
    %flag_set/vec4 8;
    %jmp/0xz  T_13.51, 8;
    %vpi_call 2 373 "$display", "PASS illegal-head: original route to N survived the illegal interruption intact" {0 0 0};
    %jmp T_13.52;
T_13.51 ;
    %vpi_call 2 375 "$display", "FAIL illegal-head: original route to N did not survive (out_valid[N]=%b data=%0h)", &PV<v0x73e8b4a00_0, 0, 1>, &PV<v0x73e8b4640_0, 0, 8> {0 0 0};
    %load/vec4 v0x73e8b4140_0;
    %addi 1, 0, 32;
    %store/vec4 v0x73e8b4140_0, 0, 32;
T_13.52 ;
    %wait E_0x73f0c0740;
    %delay 1000, 0;
    %pushi/vec4 3, 0, 2;
    %ix/load 4, 2, 0;
    %flag_set/imm 4, 0;
    %store/vec4 v0x73e8b4500_0, 4, 2;
    %pushi/vec4 51, 0, 8;
    %ix/load 4, 8, 0;
    %flag_set/imm 4, 0;
    %store/vec4 v0x73e8b41e0_0, 4, 8;
    %delay 1000, 0;
    %load/vec4 v0x73e8b43c0_0;
    %parti/s 1, 1, 2;
    %flag_set/vec4 10;
    %flag_get/vec4 10;
    %jmp/0 T_13.58, 10;
    %load/vec4 v0x73e8b4a00_0;
    %parti/s 1, 0, 2;
    %and;
T_13.58;
    %flag_set/vec4 9;
    %flag_get/vec4 9;
    %jmp/0 T_13.57, 9;
    %load/vec4 v0x73e8b4640_0;
    %parti/s 8, 0, 2;
    %pushi/vec4 51, 0, 8;
    %cmp/e;
    %flag_get/vec4 6;
    %and;
T_13.57;
    %flag_set/vec4 8;
    %jmp/0xz  T_13.55, 8;
    %vpi_call 2 385 "$display", "PASS illegal-head: Tail correctly completes the original packet, route releases" {0 0 0};
    %jmp T_13.56;
T_13.55 ;
    %vpi_call 2 387 "$display", "FAIL illegal-head: Tail did not correctly complete the original packet" {0 0 0};
    %load/vec4 v0x73e8b4140_0;
    %addi 1, 0, 32;
    %store/vec4 v0x73e8b4140_0, 0, 32;
T_13.56 ;
    %wait E_0x73f0c0740;
    %delay 1000, 0;
    %pushi/vec4 0, 0, 1;
    %ix/load 4, 1, 0;
    %flag_set/imm 4, 0;
    %store/vec4 v0x73e8b45a0_0, 4, 1;
    %wait E_0x73f0c0740;
    %delay 1000, 0;
    %end;
    .scope S_0x1051d7970;
t_6 %join;
    %vpi_call 2 395 "$display", "----------------------------------------" {0 0 0};
    %vpi_call 2 396 "$display", "TOTAL: %0d tests, %0d errors", v0x73e8b4b40_0, v0x73e8b4140_0 {0 0 0};
    %load/vec4 v0x73e8b4140_0;
    %cmpi/e 0, 0, 32;
    %jmp/0xz  T_13.59, 4;
    %vpi_call 2 398 "$display", "ALL TESTS PASSED" {0 0 0};
    %jmp T_13.60;
T_13.59 ;
    %vpi_call 2 400 "$display", "SOME TESTS FAILED" {0 0 0};
T_13.60 ;
    %vpi_call 2 401 "$finish" {0 0 0};
    %end;
    .thread T_13;
# The file index is used to find the file name in the following table.
:file_names 4;
    "N/A";
    "<interactive>";
    "/Users/hello.welcometothisdevice/CooK/tb/tb_noc_router.v";
    "/Users/hello.welcometothisdevice/CooK/rtl/router/noc_router.v";
